{"version": 2, "width": 160, "height": 20, "timestamp": 1548102600, "env": {"SHELL": "/usr/local/bin/fish", "TERM": "xterm-256color"}}
[0.085263, "o", "\u001b]0;fish  /Users/kboumedh/conferences/fosdem\u0007\u001b[30m\u001b(B\u001b[m"]
[0.089578, "o", "Welcome to fish, the friendly interactive shell\r\n"]
[0.095609, "o", "\u001b[?2004h"]
[0.120816, "o", "\u001b]0;fish  /Users/kboumedh/conferences/fosdem\u0007\u001b[30m\u001b(B\u001b[m"]
[0.121062, "o", "\u001b[38;5;237m~\u001b(B\u001b[m                                                                                                                                                               \r~ \r\u001b[2K"]
[0.121439, "o", "\u001b[92mkboumedh\u001b[30m\u001b(B\u001b[m@\u001b[30m\u001b(B\u001b[mvegeta\u001b[30m\u001b(B\u001b[m \u001b[32m~/c/fosdem\u001b[30m\u001b(B\u001b[m\u001b[30m\u001b(B\u001b[m> \u001b[K"]
[1.135494, "o", "b"]
[1.135781, "o", "\b\u001b[91mb\u001b[30m\u001b(B\u001b[m"]
[1.140858, "o", "\u001b[38;2;85;85;85mash 4_plans.sh \u001b[15D\u001b[30m\u001b(B\u001b[m"]
[1.191738, "o", "\u001b[91ma\u001b[38;2;85;85;85msh 4_plans.sh \u001b[14D\u001b[30m\u001b(B\u001b[m"]
[1.337869, "o", "\u001b[91ms\u001b[38;2;85;85;85mh 4_plans.sh \u001b[13D\u001b[30m\u001b(B\u001b[m"]
[1.372524, "o", "\u001b[91mh\u001b[38;2;85;85;85m 4_plans.sh \u001b[12D\u001b[30m\u001b(B\u001b[m"]
[1.373037, "o", "\b\b\b\b\u001b[1mbash\u001b(B\u001b[m\u001b[38;2;85;85;85m 4_plans.sh \u001b[12D\u001b[30m\u001b(B\u001b[m"]
[1.428245, "o", "\u001b[1m \u001b(B\u001b[m\u001b[38;2;85;85;85m4_plans.sh \u001b[11D\u001b[30m\u001b(B\u001b[m"]
[1.428545, "o", "\b \u001b[38;2;85;85;85m4_plans.sh \u001b[11D\u001b[30m\u001b(B\u001b[m"]
[1.765599, "o", "4_plans.sh "]
[1.766131, "o", "\u001b[11D\u001b[36m4_plans.sh\u001b[30m\u001b(B\u001b[m "]
[2.148824, "o", "\r\n"]
[2.149084, "o", "\u001b[30m\u001b(B\u001b[m\u001b[?2004l"]
[2.149715, "o", "\u001b]0;bash  /Users/kboumedh/conferences/fosdem\u0007\u001b[30m\u001b(B\u001b[m\r"]
[2.187747, "o", "\u001b[H\u001b[2J"]
[2.187993, "o", "\u001b[1m\u001b[33m$ \u001b(B\u001b[m"]
[2.188061, "o", "\u001b[1m\u001b[36m# Let's use plans, which allows us to create multiple objects(vms, networks, containers,...) at once\u001b(B\u001b[m\r\n\u001b[1m\u001b[33m$ \u001b(B\u001b[m"]
[2.194717, "o", "\u001b["]
[2.383935, "o", "1m\u001b"]
[2.475524, "o", "[3"]
[2.569216, "o", "2m\u001b"]
[2.664423, "o", "(B"]
[2.758882, "o", "\u001b[m"]
[2.854112, "o", "\r\n"]
[3.860858, "o", "\u001b[1m\u001b[33m$ \u001b(B\u001b[m"]
[5.447749, "o", "\u001b[H\u001b[2J"]
[5.44821, "o", "\u001b[1m\u001b[36m# Here s a simple plan\u001b(B\u001b[m\r\n\u001b[1m\u001b[33m$ \u001b(B\u001b[m"]
[5.45244, "o", "\u001b["]
[5.63864, "o", "1m\u001b"]
[5.729904, "o", "[3"]
[5.825148, "o", "2mc"]
[5.9194, "o", "at"]
[6.0105, "o", " si"]
[6.105762, "o", "mp"]
[6.197812, "o", "lep"]
[6.293125, "o", "la"]
[6.383261, "o", "n.y"]
[6.473662, "o", "ml"]
[6.564058, "o", "\u001b(B"]
[6.659346, "o", "\u001b["]
[6.753463, "o", "m\r\n"]
[6.764952, "o", "vm1:\r\n  memory: 512\r\n  numcpus: 2\r\n  nets: \r\n   - default\r\n  pool: default\r\n  template: CentOS-7-x86_64-GenericCloud.qcow2\r\n  reservedns: True\r\n  reservehost: False\r\nvm2:\r\n  memory: 512\r\n  numcpus: 2\r\n  cloudinit: true\r\n  nets: \r\n   - default\r\n  disks:\r\n   - 20\r\n  pool: default\r\n  template: CentOS-7-x86_64-GenericCloud.qcow2\r\n  reservedns: False\r\nvm3:\r\n  memory: 2048\r\n  numcpus: 6\r\n  cloudinit: false\r\n"]
[7.770917, "o", "\u001b[1m\u001b[33m$ \u001b(B\u001b[m"]
[13.346456, "o", "\u001b[H\u001b[2J"]
[13.347136, "o", "\u001b[1m\u001b[36m# Create the plan, giving it a name of myplan\u001b(B\u001b[m\r\n\u001b[1m\u001b[33m$ \u001b(B\u001b[m"]
[13.351513, "o", "\u001b["]
[13.536839, "o", "1m\u001b"]
[13.632044, "o", "[3"]
[13.727245, "o", "2mk"]
[13.819894, "o", "cl"]
[13.91406, "o", "i p"]
[14.004458, "o", "la"]
[14.097173, "o", "n -"]
[14.192387, "o", "f "]
[14.287599, "o", "sim"]
[14.382891, "o", "pl"]
[14.47555, "o", "epl"]
[14.567, "o", "an"]
[14.66229, "o", ".ym"]
[14.756862, "o", "l "]
[14.943455, "o", "myp"]
[15.036047, "o", "la"]
[15.131354, "o", "n\u001b("]
[15.22461, "o", "B\u001b"]
[15.317055, "o", "[m\r\n"]
[17.124817, "o", "\u001b[1;32mDeploying Vms...\u001b[0;0m\r\n"]
[25.11969, "o", "Waiting 5 seconds to grab ip and create DNS record...\r\n"]
[30.170207, "o", "Waiting 5 seconds to grab ip and create DNS record...\r\n"]
[35.215258, "o", "Waiting 5 seconds to grab ip and create DNS record...\r\n"]
[35.989643, "o", "\u001b[1;32mvm1 deployed on twix\u001b[0;0m\r\n"]
[37.389038, "o", "\u001b[1;32mvm2 deployed on twix\u001b[0;0m\r\n"]
[39.014298, "o", "\u001b[1;32mvm3 deployed on twix\u001b[0;0m\r\n"]
[40.557889, "o", "\u001b[1m\u001b[33m$ \u001b(B\u001b[m"]
[42.883876, "o", "\u001b[H\u001b[2J"]
[42.884393, "o", "\u001b[1m\u001b[36m# Check objects are there\u001b(B\u001b[m\r\n\u001b[1m\u001b[33m$ \u001b(B\u001b[m"]
[42.890793, "o", "\u001b["]
[43.078053, "o", "1m\u001b"]
[43.168299, "o", "[3"]
[43.263199, "o", "2mk"]
[43.353281, "o", "cl"]
[43.448566, "o", "i l"]
[43.54, "o", "is"]
[43.634866, "o", "t\u001b("]
[43.72557, "o", "B\u001b"]
[43.817174, "o", "[m\r\n"]
[49.631524, "o", "+-----------+--------+-----------------+---------------------------------------+-----------------------+-----------------------------------------------------------------------------+--------+\r\n|    Name   | Status |       Ips       |                 Source                |          Plan         |                                   Profile                                   | Report |\r\n+-----------+--------+-----------------+---------------------------------------+-----------------------+-----------------------------------------------------------------------------+--------+\r\n|    copr   |   up   |  192.168.122.60 | Fedora-Cloud-Base-28-1.1.x86_64.qcow2 |     elegant_sammet    |                                    kvirt                                    |        |\r\n|  federer1 |  down  |                 |   CentOS-7-x86_64-GenericCloud.qcow2  |     tender_fiambre    |                                    kvirt                                    |        |\r\n|  federer2 |  down  |                 |   CentOS-7-x86_64-"]
[49.631832, "o", "GenericCloud.qcow2  |     tender_fiambre    |                                    kvirt                                    |        |\r\n|   jorge1  |  down  |                 |   CentOS-7-x86_64-GenericCloud.qcow2  |      sleepy_cell      |                                    kvirt                                    |        |\r\n|   jorge2  |  down  |                 |   CentOS-7-x86_64-GenericCloud.qcow2  |      sleepy_cell      |                                    kvirt                                    |        |\r\n|  jorgelb  |  down  |                 |   CentOS-7-x86_64-GenericCloud.qcow2  | condescending_lumiere | loadbalancer_80+30000+30001+30002+30003+30004+30005+30006+30007+30008+30009 |        |\r\n|  kubevirt |   up   |  192.168.122.72 |   CentOS-7-x86_64-GenericCloud.qcow2  |    furious_beyonder   |                                    kvirt                                    |        |\r\n|    nfs    |  down  |                 |   CentOS-7-x86_64-GenericCloud.qcow2  |      drunk_mikel      |              "]
[49.63189, "o", "                      kvirt                                    |        |\r\n|   origin  |   up   | 192.168.122.179 |   CentOS-7-x86_64-GenericCloud.qcow2  | compassionate_hypatia |                                    kvirt                                    |        |\r\n| pxeserver |  down  |  192.168.127.2  |   CentOS-7-x86_64-GenericCloud.qcow2  |      sad_davinci      |                                    kvirt                                    |        |\r\n|    vm1    |   up   | 192.168.122.230 |   CentOS-7-x86_64-GenericCloud.qcow2  |         myplan        |                                    kvirt                                    |        |\r\n|    vm2    |   up   |                 |   CentOS-7-x86_64-GenericCloud.qcow2  |         myplan        |                                    kvirt                                    |        |\r\n|    vm3    |   up   |                 |                                       |         myplan        |                                    kvirt                                "]
[49.632364, "o", "    |        |\r\n+-----------+--------+-----------------+---------------------------------------+-----------------------+-----------------------------------------------------------------------------+--------+\r\n"]
[50.687581, "o", "\u001b[1m\u001b[33m$ \u001b(B\u001b[m"]
[61.776984, "o", "\u001b[H\u001b[2J"]
[61.777449, "o", "\u001b[1m\u001b[36m# Check info of vm1\u001b(B\u001b[m\r\n\u001b[1m\u001b[33m$ \u001b(B\u001b[m"]
[61.782505, "o", "\u001b["]
[61.972974, "o", "1m\u001b"]
[62.068172, "o", "[3"]
[62.16241, "o", "2mk"]
[62.257598, "o", "cl"]
[62.35219, "o", "i i"]
[62.442657, "o", "nf"]
[62.534515, "o", "o v"]
[62.625315, "o", "m1"]
[62.720486, "o", "\u001b(B"]
[62.815705, "o", "\u001b["]
[62.907983, "o", "m\r\n"]
[64.5194, "o", "name: vm1\r\ncreationdate: 21-01-2019 20:30\r\nstatus: up\r\nautostart: False\r\ntemplate: CentOS-7-x86_64-GenericCloud.qcow2\r\nplan: myplan\r\nprofile: kvirt\r\ncpus: 2\r\nmemory: 512\r\nnet interface: eth0 mac: 52:54:00:13:07:94 net: default type: routed\r\nip: 192.168.122.230\r\ndiskname: vda disksize: 10GB diskformat: file type: qcow2 path: /var/lib/libvirt/images/vm1_1.img\r\n"]
[65.579421, "o", "\u001b[1m\u001b[33m$ \u001b(B\u001b[m"]
[80.418724, "o", "\u001b[H\u001b[2J"]
[80.419195, "o", "\u001b[1m\u001b[36m# Rerun the plan and see how it doesnt create vms\u001b(B\u001b[m\r\n\u001b[1m\u001b[33m$ \u001b(B\u001b[m"]
[80.42329, "o", "\u001b["]
[80.606935, "o", "1m\u001b"]
[80.702167, "o", "[3"]
[80.792344, "o", "2mk"]
[80.887574, "o", "cl"]
[80.982779, "o", "i p"]
[81.077999, "o", "la"]
[81.169193, "o", "n -"]
[81.264491, "o", "f "]
[81.359703, "o", "sim"]
[81.454908, "o", "pl"]
[81.545275, "o", "epl"]
[81.635621, "o", "an"]
[81.730309, "o", ".ym"]
[81.824187, "o", "l\u001b"]
[82.008122, "o", "(B\u001b"]
[82.10334, "o", "[m"]
[82.196199, "o", "\r\n"]
[83.884671, "o", "\u001b[1;32mUsing jolly_kendra as name of the plan\u001b[0;0m\r\n"]
[83.902531, "o", "\u001b[1;32mDeploying Vms...\u001b[0;0m\r\n"]
[83.919046, "o", "\u001b[1;34mVM vm1 skipped on twix!\u001b[0;0m\r\n"]
[83.934441, "o", "\u001b[1;34mVM vm2 skipped on twix!\u001b[0;0m\r\n"]
[83.942467, "o", "\u001b[1;34mVM vm3 skipped on twix!\u001b[0;0m\r\n"]
[84.997816, "o", "\u001b[1m\u001b[33m$ \u001b(B\u001b[m"]
[87.855254, "o", "\u001b[H\u001b[2J"]
[87.855751, "o", "\u001b[1m\u001b[36m# Delete one of the vms\u001b(B\u001b[m\r\n\u001b[1m\u001b[33m$ \u001b(B\u001b[m"]
[87.859917, "o", "\u001b["]
[88.049917, "o", "1m\u001b"]
[88.14111, "o", "[3"]
[88.234896, "o", "2mk"]
[88.328801, "o", "cl"]
[88.424118, "o", "i d"]
[88.517003, "o", "el"]
[88.610021, "o", "ete"]
[88.70525, "o", " -"]
[88.795574, "o", "-ye"]
[88.885721, "o", "s "]
[88.977226, "o", "vm3"]
[89.072547, "o", "\u001b("]
[89.164179, "o", "B\u001b["]
[89.352311, "o", "m\r\n"]
[91.061564, "o", "\u001b[1;32mDeleting on twix\u001b[0;0m\r\n"]
[91.516801, "o", "\u001b[1;32mvm3 deleted\u001b[0;0m\r\n"]
[92.543711, "o", "\u001b[1m\u001b[33m$ \u001b(B\u001b[m"]
[93.929879, "o", "\u001b[H\u001b[2J"]
[93.930287, "o", "\u001b[1m\u001b[36m# Rerun the plan and see how it recreates the missing vm\u001b(B\u001b[m\r\n\u001b[1m\u001b[33m$ \u001b(B\u001b[m"]
[93.934528, "o", "\u001b["]
[94.120184, "o", "1m\u001b"]
[94.215398, "o", "[3"]
[94.310609, "o", "2mk"]
[94.405809, "o", "cl"]
[94.496367, "o", "i p"]
[94.591578, "o", "la"]
[94.683997, "o", "n -"]
[94.775439, "o", "f "]
[94.867518, "o", "sim"]
[94.962706, "o", "pl"]
[95.057931, "o", "epl"]
[95.148079, "o", "an"]
[95.242602, "o", ".ym"]
[95.33501, "o", "l "]
[95.518206, "o", "myp"]
[95.608322, "o", "la"]
[95.698771, "o", "n\u001b("]
[95.792916, "o", "B\u001b"]
[95.886445, "o", "[m\r\n"]
[97.623475, "o", "\u001b[1;32mDeploying Vms...\u001b[0;0m\r\n"]
[97.628919, "o", "\u001b[1;34mVM vm1 skipped on twix!\u001b[0;0m\r\n"]
[97.633406, "o", "\u001b[1;34mVM vm2 skipped on twix!\u001b[0;0m\r\n"]
[98.494218, "o", "\u001b[1;32mvm3 deployed on twix\u001b[0;0m\r\n"]
[99.549391, "o", "\u001b[1m\u001b[33m$ \u001b(B\u001b[m"]
[101.717078, "o", "\u001b[H\u001b[2J"]
[101.71751, "o", "\u001b[1m\u001b[36m# Stop all the vms of the plan\u001b(B\u001b[m\r\n\u001b[1m\u001b[33m$ \u001b(B\u001b[m"]
[101.721455, "o", "\u001b["]
[101.910951, "o", "1m\u001b"]
[102.006144, "o", "[3"]
[102.100834, "o", "2mk"]
[102.191032, "o", "cl"]
[102.286309, "o", "i p"]
[102.376999, "o", "la"]
[102.472357, "o", "n -"]
[102.565311, "o", "-s"]
[102.657275, "o", "top"]
[102.747462, "o", " m"]
[102.84061, "o", "ypl"]
[102.932423, "o", "an"]
[103.023225, "o", "\u001b(B"]
[103.209004, "o", "\u001b["]
[103.304262, "o", "m\r\n"]
[104.806051, "o", "\u001b[1;32mStopping vms from plan myplan\u001b[0;0m\r\n"]
[105.987392, "o", "\u001b[1;32mvm1 stopped!\u001b[0;0m\r\n"]
[106.39843, "o", "\u001b[1;32mvm2 stopped!\u001b[0;0m\r\n"]
[106.806825, "o", "\u001b[1;32mvm3 stopped!\u001b[0;0m\r\n"]
[106.807137, "o", "\u001b[1;32mPlan myplan stopped!\u001b[0;0m\r\n"]
[107.863457, "o", "\u001b[1m\u001b[33m$ \u001b(B\u001b[m"]
[110.355366, "o", "\u001b[H\u001b[2J"]
[110.355758, "o", "\u001b[1m\u001b[36m# Start all the vms of the plan\u001b(B\u001b[m\r\n\u001b[1m\u001b[33m$ \u001b(B\u001b[m"]
[110.360054, "o", "\u001b["]
[110.545428, "o", "1m\u001b"]
[110.639787, "o", "[3"]
[110.73499, "o", "2mk"]
[110.830263, "o", "cl"]
[110.921053, "o", "i p"]
[111.011217, "o", "la"]
[111.106501, "o", "n -"]
[111.197806, "o", "-s"]
[111.291309, "o", "tar"]
[111.384409, "o", "t "]
[111.479131, "o", "myp"]
[111.570264, "o", "la"]
[111.660771, "o", "n\u001b("]
[111.848997, "o", "B\u001b"]
[111.940568, "o", "[m\r\n"]
[113.293654, "o", "\u001b[1;32mStarting vms from plan myplan\u001b[0;0m\r\n"]
[114.798539, "o", "\u001b[1;32mVM vm1 started!\u001b[0;0m\r\n"]
[115.055184, "o", "\u001b[1;32mVM vm2 started!\u001b[0;0m\r\n"]
[115.415317, "o", "\u001b[1;32mVM vm3 started!\u001b[0;0m\r\n"]
[115.415819, "o", "\u001b[1;32mPlan myplan started!\u001b[0;0m\r\n"]
[116.468058, "o", "\u001b[1m\u001b[33m$ \u001b(B\u001b[m"]
[121.322988, "o", "\u001b[H\u001b[2J"]
[121.32449, "o", "\u001b[1m\u001b[36m# Delete the plan\u001b(B\u001b[m\r\n\u001b[1m\u001b[33m$ \u001b(B\u001b[m"]
[121.330363, "o", "\u001b["]
[121.513285, "o", "1m\u001b"]
[121.604402, "o", "[3"]
[121.697851, "o", "2mk"]
[121.791274, "o", "cl"]
[121.886543, "o", "i p"]
[121.977944, "o", "la"]
[122.070599, "o", "n -"]
[122.163354, "o", "-d"]
[122.254921, "o", "ele"]
[122.344986, "o", "te"]
[122.437116, "o", " --"]
[122.532425, "o", "ye"]
[122.719486, "o", "s m"]
[122.813521, "o", "yp"]
[122.90881, "o", "lan"]
[123.003659, "o", "\u001b("]
[123.096675, "o", "B\u001b["]
[123.189031, "o", "m\r\n"]
[126.798704, "o", "\u001b[1;32mVM vm1 deleted on twix!\u001b[0;0m\r\n"]
[127.399058, "o", "\u001b[1;32mVM vm2 deleted on twix!\u001b[0;0m\r\n"]
[127.994, "o", "\u001b[1;32mVM vm3 deleted on twix!\u001b[0;0m\r\n"]
[127.994711, "o", "\u001b[1;32mPlan myplan deleted!\u001b[0;0m\r\n"]
[129.051041, "o", "\u001b[1m\u001b[33m$ \u001b(B\u001b[m"]
[131.320431, "o", "\u001b[H\u001b[2J"]
[131.320861, "o", "\u001b[1m\u001b[36m# Here s a more complex plan, using parameters\u001b(B\u001b[m\r\n"]
[131.32093, "o", "\u001b[1m\u001b[33m$ \u001b(B\u001b[m"]
[131.326048, "o", "\u001b["]
[131.516454, "o", "1m\u001b"]
[131.606576, "o", "[3"]
[131.699094, "o", "2mc"]
[131.794308, "o", "at"]
[131.888626, "o", " co"]
[131.983843, "o", "mp"]
[132.075861, "o", "lex"]
[132.168939, "o", "pl"]
[132.260356, "o", "an."]
[132.352774, "o", "ym"]
[132.446959, "o", "l\u001b("]
[132.540303, "o", "B\u001b"]
[132.634259, "o", "[m\r\n"]
[132.64566, "o", "parameters:\r\n   nodes: 3\r\n   template: rhel-8.0-beta-1-x86_64-kvm.qcow2\r\n   domain: default\r\n   disk_size: 40\r\n   packages:\r\n   - nc\r\n   - nmap\r\n   keys:\r\n    - ssh-rsa AAAAB3NzaC1yc2EAAAADAQABAAABAQC/AvM9VbO2yiIb9AillBp/kTr8jqIErRU1LFKqhwPTm4AtVIjFSaOuM4AlspfCUIz9IHBrDcZmbcYKai3lC3JtQic7M/a1OWUjWE1ML8CEvNsGPGu5yNVUQoWC0lmW5rzX9c6HvH8AcmfMmdyQ7SgcAnk0zir9jw8ed2TRAzHn3vXFd7+saZLihFJhXG4zB8vh7gJHjLfjIa3JHptWzW9AtqF9QsoBY/iu58Rf/hRnrfWscyN3x9pGCSEqdLSDv7HFuH2EabnvNFFQZr4J1FYzH/fKVY3Ppt3rf64UWCztDu7L44fPwwkI7nAzdmQVTaMoD3Ej8i7/OSFZsC2V5IBT kboumedh@bumblefoot\r\n    - ssh-rsa AAAAB3NzaC1yc2EAAAADAQABAAABAQDMBW0X4Y3lulk5VfxXp88wBdwrhieAG/iO75GTx33Q/stGlFV1oj6AIf38+Cwdn/uyBbTL/oDR+11rQRIv4xK6B/OOltJv/pQSTWixF15pJ9AUIwwKqriSeBFztBtGrbtj4UeJ4PX/iklROLsjMwRoHkn3jP6C4HEBjdHY9QUurMc2o4UL7rEPFqgGJu1QCeprBaJLpXzYWE03TH3CpNMYawGMIIvv75R7rdZg1qhtkVBvi5tAjPa+mfdnqw51U8P2lYvnFg/JfP2HjXcdBvKCotXH3OaMGmKhEfyEZP2awq6iNRkuFzy3Q9bM9wDt/welJYnQcGXwA0tiuj8n0/hz scollier@scollier\r\n\r\n{% for node in range(0, nodes) %}\r\ndevconf{{ \"%03.d\" "]
[132.646118, "o", "| format(node+1) }}:\r\n template: {{ template }}\r\n keys: {{ keys }}\r\n domain: {{ domain }}\r\n nets:\r\n  - name: default\r\n disks:\r\n  - size: {{ disk_size }}\r\n pool: default\r\n files: \r\n  - file1.txt\r\n  - origin: file2.txt\r\n    path: /etc/file2.txt\r\n scripts:\r\n  - script1.sh\r\n{% endfor %}\r\n"]
[133.650881, "o", "\u001b[1m\u001b[33m$ \u001b(B\u001b[m"]
[151.799026, "o", "\u001b[H\u001b[2J"]
[151.799334, "o", "\u001b[1m\u001b[36m# Check the script to be applied\u001b(B\u001b[m\r\n\u001b[1m\u001b[33m$ \u001b(B\u001b[m"]
[151.802998, "o", "\u001b["]
[151.993415, "o", "1m\u001b"]
[152.088633, "o", "[3"]
[152.183063, "o", "2mc"]
[152.273221, "o", "at"]
[152.36851, "o", " sc"]
[152.463543, "o", "ri"]
[152.557475, "o", "pt1"]
[152.648902, "o", ".s"]
[152.739475, "o", "h\u001b("]
[152.834824, "o", "B\u001b"]
[152.930081, "o", "[m\r\n"]
[152.940039, "o", "{% for package in packages %}\r\nyum -y install {{ package }}\r\n{% endfor%}\r\n"]
[153.943777, "o", "\u001b[1m\u001b[33m$ \u001b(B\u001b[m"]
[157.773604, "o", "\u001b[H\u001b[2J"]
[157.774075, "o", "\u001b[1m\u001b[36m# Check one of the files to be injected\u001b(B\u001b[m\r\n\u001b[1m\u001b[33m$ \u001b(B\u001b[m"]
[157.778063, "o", "\u001b["]
[157.965068, "o", "1m\u001b"]
[158.056911, "o", "[3"]
[158.148446, "o", "2mc"]
[158.240532, "o", "at"]
[158.332922, "o", " fi"]
[158.42445, "o", "le"]
[158.51977, "o", "1.t"]
[158.614983, "o", "xt"]
[158.710272, "o", "\u001b(B"]
[158.800518, "o", "\u001b["]
[158.895741, "o", "m\r\n"]
[158.902051, "o", "i am vm {{ name }} and there are {{ nodes }} nodes\r\n"]
[159.907971, "o", "\u001b[1m\u001b[33m$ \u001b(B\u001b[m"]
[162.488104, "o", "\u001b[H\u001b[2J"]
[162.488527, "o", "\u001b[1m\u001b[36m# Create the plan, giving it a random name and overriding some of the parameters\u001b(B\u001b[m\r\n\u001b[1m\u001b[33m$ \u001b(B\u001b[m"]
[162.492822, "o", "\u001b["]
[162.683239, "o", "1m\u001b"]
[162.773524, "o", "[3"]
[162.865391, "o", "2mk"]
[162.956116, "o", "cl"]
[163.048868, "o", "i p"]
[163.144074, "o", "la"]
[163.234421, "o", "n -"]
[163.326133, "o", "f "]
[163.421443, "o", "com"]
[163.516696, "o", "pl"]
[163.608813, "o", "exp"]
[163.704025, "o", "la"]
[163.799243, "o", "n.y"]
[163.981273, "o", "ml"]
[164.075605, "o", " -P"]
[164.168915, "o", " n"]
[164.260203, "o", "ode"]
[164.354152, "o", "s="]
[164.44906, "o", "5 -"]
[164.54365, "o", "P "]
[164.637627, "o", "dis"]
[164.728317, "o", "k_"]
[164.821745, "o", "siz"]
[164.914581, "o", "e="]
[165.00972, "o", "30\u001b"]
[165.105008, "o", "(B"]
[165.20022, "o", "\u001b[m"]
[165.295451, "o", "\r\n"]
[167.042323, "o", "\u001b[1;32mUsing sleepy_bardeen as name of the plan\u001b[0;0m\r\n"]
[167.080175, "o", "\u001b[1;32mDeploying Vms...\u001b[0;0m\r\n"]
[169.077298, "o", "\u001b[1;32mdevconf001 deployed on twix\u001b[0;0m\r\n"]
[170.826875, "o", "\u001b[1;32mdevconf002 deployed on twix\u001b[0;0m\r\n"]
[172.651244, "o", "\u001b[1;32mdevconf003 deployed on twix\u001b[0;0m\r\n"]
[174.607633, "o", "\u001b[1;32mdevconf004 deployed on twix\u001b[0;0m\r\n"]
[176.317926, "o", "\u001b[1;32mdevconf005 deployed on twix\u001b[0;0m\r\n"]
[177.375073, "o", "\u001b[1m\u001b[33m$ \u001b(B\u001b[m"]
[214.752512, "o", "\u001b[H\u001b[2J"]
[214.753115, "o", "\u001b[1m\u001b[36m# Connect to one of the resulting vms and check how files were copied and scripts executed\u001b(B\u001b[m\r\n\u001b[1m\u001b[33m$ \u001b(B\u001b[m"]
[214.759209, "o", "\u001b["]
[214.946272, "o", "1m\u001b"]
[215.041481, "o", "[3"]
[215.136685, "o", "2mk"]
[215.231728, "o", "cl"]
[215.326356, "o", "i s"]
[215.421638, "o", "sh"]
[215.516895, "o", " de"]
[215.612127, "o", "vc"]
[215.706887, "o", "onf"]
[215.802139, "o", "00"]
[215.893011, "o", "1\u001b("]
[215.986808, "o", "B\u001b"]
[216.079706, "o", "[m\r\n"]
[222.055276, "o", "Activate the web console with: systemctl enable --now cockpit.socket\r\n\r\n"]
[222.525773, "o", "\u001b]0;cloud-user@devconf001:~\u0007"]
[222.531208, "o", "[cloud-user@devconf001 ~]$ "]
[224.532681, "o", "s"]
[224.736395, "o", "u"]
[224.747726, "o", "d"]
[224.831965, "o", "o"]
[224.890663, "o", " "]
[225.172679, "o", "-"]
[225.241736, "o", "i"]
[225.514301, "o", "\r\n"]
[226.007575, "o", "\u001b]0;root@devconf001:~\u0007[root@devconf001 ~]# "]
[226.353876, "o", "l"]
[226.480585, "o", "s"]
[226.6348, "o", "\r\nanaconda-ks.cfg  file1.txt  original-ks.cfg\r\n\u001b]0;root@devconf001:~\u0007[root@devconf001 ~]# "]
[227.224885, "o", "c"]
[227.457831, "o", "a"]
[227.673127, "o", "t"]
[227.775433, "o", " "]
[227.936978, "o", "f"]
[228.078664, "o", "i"]
[228.359879, "o", "le1.txt "]
[229.447735, "o", "\r\ni am vm devconf001 and there are 5 nodes\r\n\u001b]0;root@devconf001:~\u0007[root@devconf001 ~]# "]
[230.290604, "o", "c"]
[230.502664, "o", "a"]
[230.895774, "o", "t"]
[231.077628, "o", " "]
[231.339692, "o", "/"]
[231.575921, "o", "e"]
[231.813299, "o", "tc/"]
[232.079718, "o", "f"]
[232.697441, "o", "\u0007"]
[233.536733, "o", "\r\n"]
[233.558238, "o", "favicon.png  file2.txt    filesystems  firewalld/   fonts/       fstab        \r\n[root@devconf001 ~]# cat /etc/f"]
[234.356701, "o", "i"]
[234.373994, "o", "\u0007"]
[235.520885, "o", "l"]
[235.577718, "o", "\u0007e"]
[236.176783, "o", "2"]
[236.486792, "o", ".txt "]
[237.899388, "o", "\r\ni am a conf file a bit boring\r\n\u001b]0;root@devconf001:~\u0007[root@devconf001 ~]# "]
[239.182998, "o", "c"]
[239.395331, "o", "a"]
[239.475288, "o", "t"]
[239.530596, "o", " "]
[239.923589, "o", "/"]
[240.328814, "o", "v"]
[240.384618, "o", "a"]
[240.549634, "o", "r/"]
[240.729388, "o", "l"]
[241.00365, "o", "o"]
[241.215685, "o", "g"]
[241.325749, "o", "/"]
[241.649099, "o", "m"]
[241.732693, "o", "e"]
[241.900559, "o", "s"]
[242.101751, "o", "sages "]
[242.633205, "o", "\r\nJan 21 15:33:02 devconf001 kernel: Linux version 4.18.0-32.el8.x86_64 (mockbuild@x86-vm-07.build.eng.bos.redhat.com) (gcc version 8.2.1 20180905 (Red Hat 8.2.1-3) (GCC)) #1 SMP Sat Oct 27 19:26:37 UTC 2018\r\nJan 21 15:33:02 devconf001 kernel: Command line: BOOT_IMAGE=(hd0,msdos1)/vmlinuz-4.18.0-32.el8.x86_64 root=UUID=d137d7ca-c1a6-4fe0-bb8d-8f315bbcadfa ro console=ttyS0 crashkernel=auto resume=UUID=3a40caf3-e2ec-4bfe-8512-6fa1acb405f7\r\nJan 21 15:33:02 devconf001 kernel: x86/fpu: Supporting XSAVE feature 0x001: 'x87 floating point registers'\r\nJan 21 15:33:02 devconf001 kernel: x86/fpu: Supporting XSAVE feature 0x002: 'SSE registers'\r\nJan 21 15:33:02 devconf001 kernel: x86/fpu: Supporting XSAVE feature 0x004: 'AVX registers'\r\nJan 21 15:33:02 devconf001 kernel: x86/fpu: Supporting XSAVE feature 0x008: 'MPX bounds registers'\r\nJan 21 15:33:02 devconf001 kernel: x86/fpu: Supporting XSAVE feature 0x010: 'MPX CSR'\r\nJan 21 15:33:02 devconf001 kernel: x86/fpu: xstate_offset[2]:  576, xstate_sizes[2]:  256\r\nJan 21 15:"]
[242.633523, "o", "33:02 devconf001 kernel: x86/fpu: xstate_offset[3]:  960, xstate_sizes[3]:   64\r\nJan 21 15:33:02 devconf001 kernel: x86/fpu: xstate_offset[4]: 1024, xstate_sizes[4]:   64\r\nJan 21 15:33:02 devconf001 kernel: x86/fpu: Enabled xstate features 0x1f, context size is 1088 bytes, using 'standard' format.\r\nJan 21 15:33:02 devconf001 kernel: BIOS-provided physical RAM map:\r\nJan 21 15:33:02 devconf001 kernel: BIOS-e820: [mem 0x0000000000000000-0x000000000009fbff] usable\r\nJan 21 15:33:02 devconf001 kernel: BIOS-e820: [mem 0x000000000009fc00-0x000000000009ffff] reserved\r\nJan 21 15:33:02 devconf001 kernel: BIOS-e820: [mem 0x00000000000f0000-0x00000000000fffff] reserved\r\nJan 21 15:33:02 devconf001 kernel: BIOS-e820: [mem 0x0000000000100000-0x000000003ffdbfff] usable\r\nJan 21 15:33:02 devconf001 kernel: BIOS-e820: [mem 0x000000003ffdc000-0x000000003fffffff] reserved\r\nJan 21 15:33:02 devconf001 kernel: BIOS-e820: [mem 0x00000000feffc000-0x00000000feffffff] reserved\r\nJan 21 15:33:02 devconf001 kernel: BIOS-e820: [mem 0x0000000"]
[242.63361, "o", "0fffc0000-0x00000000ffffffff] reserved\r\nJan 21 15:33:02 devconf001 kernel: NX (Execute Disable) protection: active\r\nJan 21 15:33:02 devconf001 kernel: SMBIOS 2.8 present.\r\nJan 21 15:33:02 devconf001 kernel: DMI: Red Hat KVM, BIOS 1.10.2-3.el7_4.1 04/01/2014\r\nJan 21 15:33:02 devconf001 kernel: Hypervisor detected: KVM\r\nJan 21 15:33:02 devconf001 kernel: last_pfn = 0x3ffdc max_arch_pfn = 0x400000000\r\nJan 21 15:33:02 devconf001 kernel: x86/PAT: Configuration [0-7]: WB  WC  UC- UC  WB  WP  UC- WT  \r\nJan 21 15:33:02 devconf001 kernel: Using GB pages for direct mapping\r\nJan 21 15:33:02 devconf001 kernel: RAMDISK: [mem 0x3537a000-0x369b4fff]\r\nJan 21 15:33:02 devconf001 kernel: ACPI: Early table checksum verification disabled\r\nJan 21 15:33:02 devconf001 kernel: ACPI: RSDP 0x00000000000F71D0 000014 (v00 BOCHS )\r\nJan 21 15:33:02 devconf001 kernel: ACPI: RSDT 0x000000003FFE2C98 00002C (v01 BOCHS  BXPCRSDT 00000001 BXPC 00000001)\r\nJan 21 15:33:02 devconf001 kernel: ACPI: FACP 0x000000003FFE2934 000074 (v01 BOCHS  BXPCFAC"]
[242.634167, "o", "P 00000001 BXPC 00000001)\r\nJan 21 15:33:02 devconf001 kernel: ACPI: DSDT 0x000000003FFE0040 0028F4 (v01 BOCHS  BXPCDSDT 00000001 BXPC 00000001)\r\nJan 21 15:33:02 devconf001 kernel: ACPI: FACS 0x000000003FFE0000 000040\r\nJan 21 15:33:02 devconf001 kernel: ACPI: APIC 0x000000003FFE2A28 000270 (v01 BOCHS  BXPCAPIC 00000001 BXPC 00000001)\r\nJan 21 15:33:02 devconf001 kernel: No NUMA configuration found\r\nJan 21 15:33:02 devconf001 kernel: Faking a node at [mem 0x0000000000000000-0x000000003ffdbfff]\r\nJan 21 15:33:02 devconf001 kernel: NODE_DATA(0) allocated [mem 0x3ffb2000-0x3ffdbfff]\r\nJan 21 15:33:02 devconf001 kernel: Using crashkernel=auto, the size chosen is a best effort estimation.\r\nJan 21 15:33:02 devconf001 kernel: Reserving 160MB of memory at 688MB for crashkernel (System RAM: 1023MB)\r\nJan 21 15:33:02 devconf001 kernel: kvm-clock: cpu 0, msr 0:3ff31001, primary cpu clock\r\nJan 21 15:33:02 devconf001 kernel: kvm-clock: Using msrs 4b564d01 and 4b564d00\r\nJan 21 15:33:02 devconf001 kernel: kvm-clock: using sched o"]
[242.634284, "o", "ffset of 11472357168 cycles\r\nJan 21 15:33:02 devconf001 kernel: clocksource: kvm-clock: mask: 0xffffffffffffffff max_cycles: 0x1cd42e4dffb, max_idle_ns: 881590591483 ns\r\nJan 21 15:33:02 devconf001 kernel: Zone ranges:\r\nJan 21 15:33:02 devconf001 kernel:  DMA      [mem 0x0000000000001000-0x0000000000ffffff]\r\nJan 21 15:33:02 devconf001 kernel:  DMA32    [mem 0x0000000001000000-0x000000003ffdbfff]\r\nJan 21 15:33:02 devconf001 kernel:  Normal   empty\r\nJan 21 15:33:02 devconf001 kernel:  Device   empty\r\nJan 21 15:33:02 devconf001 kernel: Movable zone start for each node\r\nJan 21 15:33:02 devconf001 kernel: Early memory node ranges\r\nJan 21 15:33:02 devconf001 kernel:  node   0: [mem 0x0000000000001000-0x000000000009efff]\r\nJan 21 15:33:02 devconf001 kernel:  node   0: [mem 0x0000000000100000-0x000000003ffdbfff]\r\nJan 21 15:33:02 devconf001 kernel: Zeroed struct page in unavailable ranges: 98 pages\r\nJan 21 15:33:02 devconf001 kernel: Initmem setup node 0 [mem 0x0000000000001000-0x000000003ffdbfff]\r\nJan 21 15:33:02 devco"]
[242.634552, "o", "nf001 kernel: ACPI: PM-Timer IO Port: 0x608\r\nJan 21 15:33:02 devconf001 kernel: ACPI: LAPIC_NMI (acpi_id[0xff] dfl dfl lint[0x1])\r\nJan 21 15:33:02 devconf001 kernel: IOAPIC[0]: apic_id 0, version 17, address 0xfec00000, GSI 0-23\r\nJan 21 15:33:02 devconf001 kernel: ACPI: INT_SRC_OVR (bus 0 bus_irq 0 global_irq 2 dfl dfl)\r\nJan 21 15:33:02 devconf001 kernel: ACPI: INT_SRC_OVR (bus 0 bus_irq 5 global_irq 5 high level)\r\nJan 21 15:33:02 devconf001 kernel: ACPI: INT_SRC_OVR (bus 0 bus_irq 9 global_irq 9 high level)\r\nJan 21 15:33:02 devconf001 kernel: ACPI: INT_SRC_OVR (bus 0 bus_irq 10 global_irq 10 high level)\r\nJan 21 15:33:02 devconf001 kernel: ACPI: INT_SRC_OVR (bus 0 bus_irq 11 global_irq 11 high level)\r\nJan 21 15:33:02 devconf001 kernel: Using ACPI (MADT) for SMP configuration information\r\nJan 21 15:33:02 devconf001 kernel: smpboot: Allowing 64 CPUs, 63 hotplug CPUs\r\nJan 21 15:33:02 devconf001 kernel: PM: Registered nosave memory: [mem 0x00000000-0x00000fff]\r\nJan 21 15:33:02 devconf001 kernel: PM: Registered no"]
[242.635418, "o", "save memory: [mem 0x0009f000-0x0009ffff]\r\nJan 21 15:33:02 devconf001 kernel: PM: Registered nosave memory: [mem 0x000a0000-0x000effff]\r\nJan 21 15:33:02 devconf001 kernel: PM: Registered nosave memory: [mem 0x000f0000-0x000fffff]\r\nJan 21 15:33:02 devconf001 kernel: [mem 0x40000000-0xfeffbfff] available for PCI devices\r\nJan 21 15:33:02 devconf001 kernel: Booting paravirtualized kernel on KVM\r\nJan 21 15:33:02 devconf001 kernel: clocksource: refined-jiffies: mask: 0xffffffff max_cycles: 0xffffffff, max_idle_ns: 1910969940391419 ns\r\nJan 21 15:33:02 devconf001 kernel: random: get_random_bytes called from start_kernel+0x93/0x53e with crng_init=0\r\nJan 21 15:33:02 devconf001 kernel: setup_percpu: NR_CPUS:8192 nr_cpumask_bits:64 nr_cpu_ids:64 nr_node_ids:1\r\nJan 21 15:33:02 devconf001 kernel: percpu: Embedded 46 pages/cpu @(____ptrval____) s151552 r8192 d28672 u262144\r\nJan 21 15:33:02 devconf001 kernel: KVM setup async PF for cpu 0\r\nJan 21 15:33:02 devconf001 kernel: kvm-stealtime: cpu 0, msr 3dc24040\r\nJan 21 15:33:02 d"]
[242.635474, "o", "evconf001 kernel: PV qspinlock hash table entries: 256 (order: 0, 4096 bytes)\r\nJan 21 15:33:02 devconf001 kernel: Built 1 zonelists, mobility grouping on.  Total pages: 257893\r\nJan 21 15:33:02 devconf001 kernel: Policy zone: DMA32\r\nJan 21 15:33:02 devconf001 kernel: Kernel command line: BOOT_IMAGE=(hd0,msdos1)/vmlinuz-4.18.0-32.el8.x86_64 root=UUID=d137d7ca-c1a6-4fe0-bb8d-8f315bbcadfa ro console=ttyS0 crashkernel=auto resume=UUID=3a40caf3-e2ec-4bfe-8512-6fa1acb405f7\r\nJan 21 15:33:02 devconf001 kernel: Memory: 261668K/1048040K available (12300K kernel code, 2348K rwdata, 3784K rodata, 2240K init, 3312K bss, 246268K reserved, 0K cma-reserved)\r\nJan 21 15:33:02 devconf001 kernel: SLUB: HWalign=64, Order=0-3, MinObjects=0, CPUs=64, Nodes=1\r\nJan 21 15:33:02 devconf001 kernel: Kernel/User page tables isolation: enabled\r\nJan 21 15:33:02 devconf001 kernel: ftrace: allocating 34976 entries in 137 pages\r\nJan 21 15:33:02 devconf001 kernel: Hierarchical RCU implementation.\r\nJan 21 15:33:02 devconf001 kernel: #011RCU res"]
[242.635947, "o", "tricting CPUs from NR_CPUS=8192 to nr_cpu_ids=64.\r\nJan 21 15:33:02 devconf001 kernel: RCU: Adjusting geometry for rcu_fanout_leaf=16, nr_cpu_ids=64\r\nJan 21 15:33:02 devconf001 kernel: NR_IRQS: 524544, nr_irqs: 936, preallocated irqs: 16\r\nJan 21 15:33:02 devconf001 kernel: Console: colour VGA+ 80x25\r\nJan 21 15:33:02 devconf001 kernel: console [ttyS0] enabled\r\nJan 21 15:33:02 devconf001 kernel: ACPI: Core revision 20180531\r\nJan 21 15:33:02 devconf001 kernel: APIC: Switch to symmetric I/O mode setup\r\nJan 21 15:33:02 devconf001 kernel: x2apic enabled\r\nJan 21 15:33:02 devconf001 kernel: Switched APIC routing to physical x2apic.\r\nJan 21 15:33:02 devconf001 kernel: ..TIMER: vector=0x30 apic1=0 pin1=2 apic2=-1 pin2=-1\r\nJan 21 15:33:02 devconf001 kernel: tsc: Detected 1800.009 MHz processor\r\nJan 21 15:33:02 devconf001 kernel: clocksource: tsc-early: mask: 0xffffffffffffffff max_cycles: 0x19f23209bc1, max_idle_ns: 440795220317 ns\r\nJan 21 15:33:02 devconf001 kernel: Calibrating delay loop (skipped) preset value.. 3600.0"]
[242.636167, "o", "1 BogoMIPS (lpj=1800009)\r\nJan 21 15:33:02 devconf001 kernel: pid_max: default: 65536 minimum: 512\r\nJan 21 15:33:02 devconf001 kernel: Security Framework initialized\r\nJan 21 15:33:02 devconf001 kernel: Yama: becoming mindful.\r\nJan 21 15:33:02 devconf001 kernel: SELinux:  Initializing.\r\nJan 21 15:33:02 devconf001 kernel: Dentry cache hash table entries: 131072 (order: 8, 1048576 bytes)\r\nJan 21 15:33:02 devconf001 kernel: Inode-cache hash table entries: 65536 (order: 7, 524288 bytes)\r\nJan 21 15:33:02 devconf001 kernel: Mount-cache hash table entries: 2048 (order: 2, 16384 bytes)\r\nJan 21 15:33:02 devconf001 kernel: Mountpoint-cache hash table entries: 2048 (order: 2, 16384 bytes)\r\nJan 21 15:33:02 devconf001 kernel: mce: CPU supports 10 MCE banks\r\nJan 21 15:33:02 devconf001 kernel: Last level iTLB entries: 4KB 0, 2MB 0, 4MB 0\r\nJan 21 15:33:02 devconf001 kernel: Last level dTLB entries: 4KB 0, 2MB 0, 4MB 0, 1GB 0\r\nJan 21 15:33:02 devconf001 kernel: FEATURE SPEC_CTRL Not Present\r\nJan 21 15:33:02 devconf001 kernel: F"]
[242.63685, "o", "EATURE IBPB_SUPPORT Not Present\r\nJan 21 15:33:02 devconf001 kernel: Spectre V2 : Vulnerable: Retpoline on Skylake+\r\nJan 21 15:33:02 devconf001 kernel: Spectre V2 : Spectre v2 / SpectreRSB mitigation: Filling RSB on context switch\r\nJan 21 15:33:02 devconf001 kernel: Speculative Store Bypass: Vulnerable\r\nJan 21 15:33:02 devconf001 kernel: smpboot: CPU0: Intel Core Processor (Skylake) (family: 0x6, model: 0x5e, stepping: 0x3)\r\nJan 21 15:33:02 devconf001 kernel: Performance Events: unsupported p6 CPU model 94 no PMU driver, software events only.\r\nJan 21 15:33:02 devconf001 kernel: Hierarchical SRCU implementation.\r\nJan 21 15:33:02 devconf001 kernel: NMI watchdog: Perf event create on CPU 0 failed with -2\r\nJan 21 15:33:02 devconf001 kernel: NMI watchdog: Perf NMI watchdog permanently disabled\r\nJan 21 15:33:02 devconf001 kernel: smp: Bringing up secondary CPUs ...\r\nJan 21 15:33:02 devconf001 kernel: smp: Brought up 1 node, 1 CPU\r\nJan 21 15:33:02 devconf001 kernel: smpboot: Max logical packages: 64\r\nJan 21 15:33:02 "]
[242.637303, "o", "devconf001 kernel: smpboot: Total of 1 processors activated (3600.01 BogoMIPS)\r\nJan 21 15:33:02 devconf001 kernel: node 0 initialised, 135026 pages in 1ms\r\nJan 21 15:33:02 devconf001 kernel: devtmpfs: initialized\r\nJan 21 15:33:02 devconf001 kernel: x86/mm: Memory block size: 128MB\r\nJan 21 15:33:02 devconf001 kernel: clocksource: jiffies: mask: 0xffffffff max_cycles: 0xffffffff, max_idle_ns: 1911260446275000 ns\r\nJan 21 15:33:02 devconf001 kernel: futex hash table entries: 16384 (order: 8, 1048576 bytes)\r\nJan 21 15:33:02 devconf001 kernel: pinctrl core: initialized pinctrl subsystem\r\nJan 21 15:33:02 devconf001 kernel: NET: Registered protocol family 16\r\nJan 21 15:33:02 devconf001 kernel: audit: initializing netlink subsys (disabled)\r\nJan 21 15:33:02 devconf001 kernel: cpuidle: using governor menu\r\nJan 21 15:33:02 devconf001 kernel: ACPI: bus type PCI registered\r\nJan 21 15:33:02 devconf001 kernel: acpiphp: ACPI Hot Plug PCI Controller Driver version: 0.5\r\nJan 21 15:33:02 devconf001 kernel: PCI: Using configurati"]
[242.637632, "o", "on type 1 for base access\r\nJan 21 15:33:02 devconf001 kernel: audit: type=2000 audit(1548102780.806:1): state=initialized audit_enabled=0 res=1\r\nJan 21 15:33:02 devconf001 kernel: HugeTLB registered 1.00 GiB page size, pre-allocated 0 pages\r\nJan 21 15:33:02 devconf001 kernel: HugeTLB registered 2.00 MiB page size, pre-allocated 0 pages\r\nJan 21 15:33:02 devconf001 kernel: cryptd: max_cpu_qlen set to 1000\r\nJan 21 15:33:02 devconf001 kernel: ACPI: Added _OSI(Module Device)\r\nJan 21 15:33:02 devconf001 kernel: ACPI: Added _OSI(Processor Device)\r\nJan 21 15:33:02 devconf001 kernel: ACPI: Added _OSI(3.0 _SCP Extensions)\r\nJan 21 15:33:02 devconf001 kernel: ACPI: Added _OSI(Processor Aggregator Device)\r\nJan 21 15:33:02 devconf001 kernel: ACPI: Added _OSI(Linux-Dell-Video)\r\nJan 21 15:33:02 devconf001 kernel: ACPI: 1 ACPI AML tables successfully acquired and loaded\r\nJan 21 15:33:02 devconf001 kernel: ACPI: Interpreter enabled\r\nJan 21 15:33:02 devconf001 kernel: ACPI: (supports S0 S5)\r\nJan 21 15:33:02 devconf001 kernel: A"]
[242.638308, "o", "CPI: Using IOAPIC for interrupt routing\r\nJan 21 15:33:02 devconf001 kernel: PCI: Using host bridge windows from ACPI; if necessary, use \"pci=nocrs\" and report a bug\r\nJan 21 15:33:02 devconf001 kernel: ACPI: Enabled 2 GPEs in block 00 to 0F\r\nJan 21 15:33:02 devconf001 kernel: ACPI: PCI Root Bridge [PCI0] (domain 0000 [bus 00-ff])\r\nJan 21 15:33:02 devconf001 kernel: acpi PNP0A03:00: _OSC: OS supports [ASPM ClockPM Segments MSI]\r\nJan 21 15:33:02 devconf001 kernel: acpi PNP0A03:00: _OSC failed (AE_NOT_FOUND); disabling ASPM\r\nJan 21 15:33:02 devconf001 kernel: acpi PNP0A03:00: fail to add MMCONFIG information, can't access extended PCI configuration space under this bridge.\r\nJan 21 15:33:02 devconf001 kernel: acpiphp: Slot [3] registered\r\nJan 21 15:33:02 devconf001 kernel: acpiphp: Slot [4] registered\r\nJan 21 15:33:02 devconf001 kernel: acpiphp: Slot [5] registered\r\nJan 21 15:33:02 devconf001 kernel: acpiphp: Slot [6] registered\r\nJan 21 15:33:02 devconf001 kernel: acpiphp: Slot [7] registered\r\nJan 21 15:33:02 devc"]
[242.638384, "o", "onf001 kernel: acpiphp: Slot [8] registered"]
[242.638971, "o", "\r\nJan 21 15:33:02 devconf001 kernel: acpiphp: Slot [9] registered\r\nJan 21 15:33:02 devconf001 kernel: acpiphp: Slot [10] registered\r\nJan 21 15:33:02 devconf001 kernel: acpiphp: Slot [11] registered\r\nJan 21 15:33:02 devconf001 kernel: acpiphp: Slot [12] registered\r\nJan 21 15:33:02 devconf001 kernel: acpiphp: Slot [13] registered\r\nJan 21 15:33:02 devconf001 kernel: acpiphp: Slot [14] registered\r\nJan 21 15:33:02 devconf001 kernel: acpiphp: Slot [15] registered\r\nJan 21 15:33:02 devconf001 kernel: acpiphp: Slot [16] registered\r\nJan 21 15:33:02 devconf001 kernel: acpiphp: Slot [17] registered\r\nJan 21 15:33:02 devconf001 kernel: acpiphp: Slot [18] registered\r\nJan 21 15:33:02 devconf001 kernel: acpiphp: Slot [19] registered\r\nJan 21 15:33:02 devconf001 kernel: acpiphp: Slot [20] registered\r\nJan 21 15:33:02 devconf001 kernel: acpiphp: Slot [21] registered\r\nJan 21 15:33:02 devconf001 kernel: acpiphp: Slot [22] registered\r\nJan 21 15:33:02 devconf001 kernel: acpiphp: Slot [23] registered\r\nJan 21 15:33:02 devconf001 kernel"]
[242.639501, "o", ": acpiphp: Slot [24] registered\r\nJan 21 15:33:02 devconf001 kernel: acpiphp: Slot [25] registered\r\nJan 21 15:33:02 devconf001 kernel: acpiphp: Slot [26] registered\r\nJan 21 15:33:02 devconf001 kernel: acpiphp: Slot [27] registered\r\nJan 21 15:33:02 devconf001 kernel: acpiphp: Slot [28] registered\r\nJan 21 15:33:02 devconf001 kernel: acpiphp: Slot [29] registered\r\nJan 21 15:33:02 devconf001 kernel: acpiphp: Slot [30] registered\r\nJan 21 15:33:02 devconf001 kernel: acpiphp: Slot [31] registered\r\nJan 21 15:33:02 devconf001 kernel: PCI host bridge to bus 0000:00\r\nJan 21 15:33:02 devconf001 kernel: pci_bus 0000:00: root bus resource [io  0x0000-0x0cf7 window]\r\nJan 21 15:33:02 devconf001 kernel: pci_bus 0000:00: root bus resource [io  0x0d00-0xffff window]\r\nJan 21 15:33:02 devconf001 kernel: pci_bus 0000:00: root bus resource [mem 0x000a0000-0x000bffff window]\r\nJan 21 15:33:02 devconf001 kernel: pci_bus 0000:00: root bus resource [mem 0x40000000-0xfebfffff window]\r\nJan 21 15:33:02 devconf001 kernel: pci_bus 0000:00: ro"]
[242.63991, "o", "ot bus resource [mem 0x100000000-0x17fffffff window]\r\nJan 21 15:33:02 devconf001 kernel: pci_bus 0000:00: root bus resource [bus 00-ff]\r\nJan 21 15:33:02 devconf001 kernel: pci 0000:00:01.1: legacy IDE quirk: reg 0x10: [io  0x01f0-0x01f7]\r\nJan 21 15:33:02 devconf001 kernel: pci 0000:00:01.1: legacy IDE quirk: reg 0x14: [io  0x03f6]\r\nJan 21 15:33:02 devconf001 kernel: pci 0000:00:01.1: legacy IDE quirk: reg 0x18: [io  0x0170-0x0177]\r\nJan 21 15:33:02 devconf001 kernel: pci 0000:00:01.1: legacy IDE quirk: reg 0x1c: [io  0x0376]\r\nJan 21 15:33:02 devconf001 kernel: pci 0000:00:01.3: quirk: [io  0x0600-0x063f] claimed by PIIX4 ACPI\r\nJan 21 15:33:02 devconf001 kernel: pci 0000:00:01.3: quirk: [io  0x0700-0x070f] claimed by PIIX4 SMB\r\nJan 21 15:33:02 devconf001 kernel: ACPI: PCI Interrupt Link [LNKA] (IRQs 5 *10 11)\r\nJan 21 15:33:02 devconf001 kernel: ACPI: PCI Interrupt Link [LNKB] (IRQs 5 *10 11)\r\nJan 21 15:33:02 devconf001 kernel: ACPI: PCI Interrupt Link [LNKC] (IRQs 5 10 *11)\r\nJan 21 15:33:02 devconf001 kernel: A"]
[242.640304, "o", "CPI: PCI Interrupt Link [LNKD] (IRQs 5 10 *11)\r\nJan 21 15:33:02 devconf001 kernel: ACPI: PCI Interrupt Link [LNKS] (IRQs *9)\r\nJan 21 15:33:02 devconf001 kernel: pci 0000:00:02.0: vgaarb: setting as boot VGA device\r\nJan 21 15:33:02 devconf001 kernel: pci 0000:00:02.0: vgaarb: VGA device added: decodes=io+mem,owns=io+mem,locks=none\r\nJan 21 15:33:02 devconf001 kernel: pci 0000:00:02.0: vgaarb: bridge control possible\r\nJan 21 15:33:02 devconf001 kernel: vgaarb: loaded\r\nJan 21 15:33:02 devconf001 kernel: SCSI subsystem initialized\r\nJan 21 15:33:02 devconf001 kernel: ACPI: bus type USB registered\r\nJan 21 15:33:02 devconf001 kernel: usbcore: registered new interface driver usbfs\r\nJan 21 15:33:02 devconf001 kernel: usbcore: registered new interface driver hub\r\nJan 21 15:33:02 devconf001 kernel: usbcore: registered new device driver usb\r\nJan 21 15:33:02 devconf001 kernel: pps_core: LinuxPPS API ver. 1 registered\r\nJan 21 15:33:02 devconf001 kernel: pps_core: Software ver. 5.3.6 - Copyright 2005-2007 Rodolfo Giometti <g"]
[242.640689, "o", "iometti@linux.it>\r\nJan 21 15:33:02 devconf001 kernel: PTP clock support registered\r\nJan 21 15:33:02 devconf001 kernel: EDAC MC: Ver: 3.0.0\r\nJan 21 15:33:02 devconf001 kernel: PCI: Using ACPI for IRQ routing\r\nJan 21 15:33:02 devconf001 kernel: NetLabel: Initializing\r\nJan 21 15:33:02 devconf001 kernel: NetLabel:  domain hash size = 128\r\nJan 21 15:33:02 devconf001 kernel: NetLabel:  protocols = UNLABELED CIPSOv4 CALIPSO\r\nJan 21 15:33:02 devconf001 kernel: NetLabel:  unlabeled traffic allowed by default\r\nJan 21 15:33:02 devconf001 kernel: clocksource: Switched to clocksource kvm-clock\r\nJan 21 15:33:02 devconf001 kernel: VFS: Disk quotas dquot_6.6.0\r\nJan 21 15:33:02 devconf001 kernel: VFS: Dquot-cache hash table entries: 512 (order 0, 4096 bytes)\r\nJan 21 15:33:02 devconf001 kernel: pnp: PnP ACPI init\r\nJan 21 15:33:02 devconf001 kernel: pnp: PnP ACPI: found 5 devices\r\nJan 21 15:33:02 devconf001 kernel: clocksource: acpi_pm: mask: 0xffffff max_cycles: 0xffffff, max_idle_ns: 2085701024 ns\r\nJan 21 15:33:02 devconf001 "]
[242.641029, "o", "kernel: NET: Registered protocol family 2\r\nJan 21 15:33:02 devconf001 kernel: tcp_listen_portaddr_hash hash table entries: 512 (order: 1, 8192 bytes)\r\nJan 21 15:33:02 devconf001 kernel: TCP established hash table entries: 8192 (order: 4, 65536 bytes)\r\nJan 21 15:33:02 devconf001 kernel: TCP bind hash table entries: 8192 (order: 5, 131072 bytes)\r\nJan 21 15:33:02 devconf001 kernel: TCP: Hash tables configured (established 8192 bind 8192)\r\nJan 21 15:33:02 devconf001 kernel: UDP hash table entries: 512 (order: 2, 16384 bytes)\r\nJan 21 15:33:02 devconf001 kernel: UDP-Lite hash table entries: 512 (order: 2, 16384 bytes)\r\nJan 21 15:33:02 devconf001 kernel: NET: Registered protocol family 1\r\nJan 21 15:33:02 devconf001 kernel: NET: Registered protocol family 44\r\nJan 21 15:33:02 devconf001 kernel: pci 0000:00:00.0: Limiting direct PCI/PCI transfers\r\nJan 21 15:33:02 devconf001 kernel: pci 0000:00:01.0: PIIX3: Enabling Passive Release\r\nJan 21 15:33:02 devconf001 kernel: pci 0000:00:01.0: Activating ISA DMA hang workarounds"]
[242.641588, "o", "\r\nJan 21 15:33:02 devconf001 kernel: PCI Interrupt Link [LNKD] enabled at IRQ 11\r\nJan 21 15:33:02 devconf001 kernel: pci 0000:00:01.2: quirk_usb_early_handoff+0x0/0x6c3 took 59093 usecs\r\nJan 21 15:33:02 devconf001 kernel: pci 0000:00:02.0: Video device with shadowed ROM at [mem 0x000c0000-0x000dffff]\r\nJan 21 15:33:02 devconf001 kernel: Unpacking initramfs...\r\nJan 21 15:33:02 devconf001 kernel: Freeing initrd memory: 22764K\r\nJan 21 15:33:02 devconf001 kernel: clocksource: tsc: mask: 0xffffffffffffffff max_cycles: 0x19f23209bc1, max_idle_ns: 440795220317 ns\r\nJan 21 15:33:02 devconf001 kernel: Initialise system trusted keyrings\r\nJan 21 15:33:02 devconf001 kernel: Key type blacklist registered\r\nJan 21 15:33:02 devconf001 kernel: workingset: timestamp_bits=36 max_order=18 bucket_order=0\r\nJan 21 15:33:02 devconf001 kernel: zbud: loaded\r\nJan 21 15:33:02 devconf001 kernel: pstore: using deflate compression\r\nJan 21 15:33:02 devconf001 kernel: NET: Registered protocol family 38\r\nJan 21 15:33:02 devconf001 kernel: Key t"]
[242.641813, "o", "ype asymmetric registered\r\nJan 21 15:33:02 devconf001 kernel: Asymmetric key parser 'x509' registered\r\nJan 21 15:33:02 devconf001 kernel: Block layer SCSI generic (bsg) driver version 0.4 loaded (major 246)\r\nJan 21 15:33:02 devconf001 kernel: io scheduler noop registered\r\nJan 21 15:33:02 devconf001 kernel: io scheduler deadline registered (default)\r\nJan 21 15:33:02 devconf001 kernel: io scheduler cfq registered\r\nJan 21 15:33:02 devconf001 kernel: io scheduler mq-deadline registered (default)\r\nJan 21 15:33:02 devconf001 kernel: io scheduler kyber registered\r\nJan 21 15:33:02 devconf001 kernel: io scheduler bfq registered\r\nJan 21 15:33:02 devconf001 kernel: atomic64_test: passed for x86-64 platform with CX8 and with SSE\r\nJan 21 15:33:02 devconf001 kernel: shpchp: Standard Hot Plug PCI Controller Driver version: 0.4\r\nJan 21 15:33:02 devconf001 kernel: input: Power Button as /devices/LNXSYSTM:00/LNXPWRBN:00/input/input0\r\nJan 21 15:33:02 devconf001 kernel: ACPI: Power Button [PWRF]\r\nJan 21 15:33:02 devconf001 ker"]
[242.642194, "o", "nel: PCI Interrupt Link [LNKC] enabled at IRQ 10\r\nJan 21 15:33:02 devconf001 kernel: PCI Interrupt Link [LNKA] enabled at IRQ 10\r\nJan 21 15:33:02 devconf001 kernel: PCI Interrupt Link [LNKB] enabled at IRQ 11\r\nJan 21 15:33:02 devconf001 kernel: Serial: 8250/16550 driver, 4 ports, IRQ sharing enabled\r\nJan 21 15:33:02 devconf001 kernel: 00:04: ttyS0 at I/O 0x3f8 (irq = 4, base_baud = 115200) is a 16550A\r\nJan 21 15:33:02 devconf001 kernel: Non-volatile memory driver v1.3\r\nJan 21 15:33:02 devconf001 kernel: Linux agpgart interface v0.103\r\nJan 21 15:33:02 devconf001 kernel: rdac: device handler registered\r\nJan 21 15:33:02 devconf001 kernel: hp_sw: device handler registered\r\nJan 21 15:33:02 devconf001 kernel: emc: device handler registered\r\nJan 21 15:33:02 devconf001 kernel: alua: device handler registered\r\nJan 21 15:33:02 devconf001 kernel: libphy: Fixed MDIO Bus: probed\r\nJan 21 15:33:02 devconf001 kernel: ehci_hcd: USB 2.0 'Enhanced' Host Controller (EHCI) Driver\r\nJan 21 15:33:02 devconf001 kernel: ehci-pci: EHCI"]
[242.642742, "o", " PCI platform driver\r\nJan 21 15:33:02 devconf001 kernel: ohci_hcd: USB 1.1 'Open' Host Controller (OHCI) Driver\r\nJan 21 15:33:02 devconf001 kernel: ohci-pci: OHCI PCI platform driver\r\nJan 21 15:33:02 devconf001 kernel: uhci_hcd: USB Universal Host Controller Interface driver\r\nJan 21 15:33:02 devconf001 kernel: uhci_hcd 0000:00:01.2: UHCI Host Controller\r\nJan 21 15:33:02 devconf001 kernel: uhci_hcd 0000:00:01.2: new USB bus registered, assigned bus number 1\r\nJan 21 15:33:02 devconf001 kernel: uhci_hcd 0000:00:01.2: detected 2 ports\r\nJan 21 15:33:02 devconf001 kernel: uhci_hcd 0000:00:01.2: irq 11, io base 0x0000c080\r\nJan 21 15:33:02 devconf001 kernel: usb usb1: New USB device found, idVendor=1d6b, idProduct=0001, bcdDevice= 4.18\r\nJan 21 15:33:02 devconf001 kernel: usb usb1: New USB device strings: Mfr=3, Product=2, SerialNumber=1\r\nJan 21 15:33:02 devconf001 kernel: usb usb1: Product: UHCI Host Controller\r\nJan 21 15:33:02 devconf001 kernel: usb usb1: Manufacturer: Linux 4.18.0-32.el8.x86_64 uhci_hcd\r\nJan 21 15:"]
[242.642824, "o", "33:02 devconf001 kernel: usb usb1: SerialNumber: 0000:00:01.2\r\nJan 21 15:33:02 devconf001 kernel: hub 1-0:1.0: USB hub found\r\nJan 21 15:33:02 devconf001 kernel: hub 1-0:1.0: 2 ports detected\r\nJan 21 15:33:02 devconf001 kernel: usbcore: registered new interface driver usbserial_generic\r\nJan 21 15:33:02 devconf001 kernel: usbserial: USB Serial support registered for generic\r\nJan 21 15:33:02 devconf001 kernel: i8042: PNP: PS/2 Controller [PNP0303:KBD,PNP0f13:MOU] at 0x60,0x64 irq 1,12\r\nJan 21 15:33:02 devconf001 kernel: serio: i8042 KBD port at 0x60,0x64 irq 1\r\nJan 21 15:33:02 devconf001 kernel: serio: i8042 AUX port at 0x60,0x64 irq 12\r\nJan 21 15:33:02 devconf001 kernel: mousedev: PS/2 mouse device common for all mice\r\nJan 21 15:33:02 devconf001 kernel: rtc_cmos 00:00: RTC can wake from S4\r\nJan 21 15:33:02 devconf001 kernel: rtc_cmos 00:00: registered as rtc0\r\nJan 21 15:33:02 devconf001 kernel: rtc_cmos 00:00: alarms up to one day, y3k, 114 bytes nvram\r\nJan 21 15:33:02 devconf001 kernel: hidraw: raw HID events "]
[242.643199, "o", "driver (C) Jiri Kosina\r\nJan 21 15:33:02 devconf001 kernel: usbcore: registered new interface driver usbhid\r\nJan 21 15:33:02 devconf001 kernel: usbhid: USB HID core driver\r\nJan 21 15:33:02 devconf001 kernel: drop_monitor: Initializing network drop monitor service\r\nJan 21 15:33:02 devconf001 kernel: Initializing XFRM netlink socket\r\nJan 21 15:33:02 devconf001 kernel: NET: Registered protocol family 10\r\nJan 21 15:33:02 devconf001 kernel: input: AT Translated Set 2 keyboard as /devices/platform/i8042/serio0/input/input1\r\nJan 21 15:33:02 devconf001 kernel: input: VirtualPS/2 VMware VMMouse as /devices/platform/i8042/serio1/input/input4\r\nJan 21 15:33:02 devconf001 kernel: input: VirtualPS/2 VMware VMMouse as /devices/platform/i8042/serio1/input/input3\r\nJan 21 15:33:02 devconf001 kernel: Segment Routing with IPv6\r\nJan 21 15:33:02 devconf001 kernel: NET: Registered protocol family 17\r\nJan 21 15:33:02 devconf001 kernel: mpls_gso: MPLS GSO support\r\nJan 21 15:33:02 devconf001 kernel: AVX2 version of gcm_enc/dec engaged."]
[242.643339, "o", "\r\nJan 21 15:33:02 devconf001 kernel: AES CTR mode by8 optimization enabled\r\nJan 21 15:33:02 devconf001 kernel: sched_clock: Marking stable (1142007470, 0)->(1565606693, -423599223)\r\nJan 21 15:33:02 devconf001 kernel: registered taskstats version 1\r\nJan 21 15:33:02 devconf001 kernel: Loading compiled-in X.509 certificates\r\nJan 21 15:33:02 devconf001 kernel: Loaded X.509 cert 'Red Hat Enterprise Linux kernel signing key: 238c6834251afd4042473a1479af5b0c39e25ea2'\r\nJan 21 15:33:02 devconf001 kernel: Loaded X.509 cert 'Red Hat Enterprise Linux Driver Update Program (key 3): bf57f3e87362bc7229d9f465321773dfd1f77a80'\r\nJan 21 15:33:02 devconf001 kernel: Loaded X.509 cert 'Red Hat Enterprise Linux kpatch signing key: 4d38fd864ebe18c5f0b72e3852e2014c3a676fc8'\r\nJan 21 15:33:02 devconf001 kernel: zswap: loaded using pool lzo/zbud\r\nJan 21 15:33:02 devconf001 kernel: Key type big_key registered\r\nJan 21 15:33:02 devconf001 kernel: Key type trusted registered\r\nJan 21 15:33:02 devconf001 kernel: Key type encrypted registered\r"]
[242.643502, "o", "\nJan 21 15:33:02 devconf001 kernel: ima: No TPM chip found, activating TPM-bypass! (rc=-19)\r\nJan 21 15:33:02 devconf001 kernel: ima: Allocated hash algorithm: sha1\r\nJan 21 15:33:02 devconf001 kernel: evm: Initialising EVM extended attributes:\r\nJan 21 15:33:02 devconf001 kernel: evm: security.selinux\r\nJan 21 15:33:02 devconf001 kernel: evm: security.ima\r\nJan 21 15:33:02 devconf001 kernel: evm: security.capability\r\nJan 21 15:33:02 devconf001 kernel: evm: HMAC attrs: 0x1\r\nJan 21 15:33:02 devconf001 kernel: rtc_cmos 00:00: setting system clock to 2019-01-21 20:33:02 UTC (1548102782)\r\nJan 21 15:33:02 devconf001 kernel: Freeing unused kernel memory: 2240K\r\nJan 21 15:33:02 devconf001 kernel: Write protecting the kernel read-only data: 18432k\r\nJan 21 15:33:02 devconf001 kernel: Freeing unused kernel memory: 2012K\r\nJan 21 15:33:02 devconf001 kernel: Freeing unused kernel memory: 312K\r\nJan 21 15:33:02 devconf001 systemd[1]: systemd 239 running in system mode. (+PAM +AUDIT +SELINUX +IMA -APPARMOR +SMACK +SYSVINIT +UTMP "]
[242.643875, "o", "+LIBCRYPTSETUP +GCRYPT +GNUTLS +ACL +XZ +LZ4 +SECCOMP +BLKID +ELFUTILS +KMOD +IDN2 -IDN +PCRE2 default-hierarchy=legacy)\r\nJan 21 15:33:02 devconf001 systemd[1]: Detected virtualization kvm.\r\nJan 21 15:33:02 devconf001 systemd[1]: Detected architecture x86-64.\r\nJan 21 15:33:02 devconf001 systemd[1]: Running in initial RAM disk.\r\nJan 21 15:33:02 devconf001 systemd[1]: Set hostname to <localhost.localdomain>.\r\nJan 21 15:33:02 devconf001 kernel: random: systemd: uninitialized urandom read (16 bytes read)\r\nJan 21 15:33:02 devconf001 systemd[1]: Reached target Swap.\r\nJan 21 15:33:02 devconf001 kernel: random: systemd: uninitialized urandom read (16 bytes read)\r\nJan 21 15:33:02 devconf001 systemd[1]: Listening on Journal Socket (/dev/log).\r\nJan 21 15:33:02 devconf001 kernel: random: systemd: uninitialized urandom read (16 bytes read)\r\nJan 21 15:33:02 devconf001 systemd[1]: Started Dispatch Password Requests to Console Directory Watch.\r\nJan 21 15:33:02 devconf001 systemd[1]: Created slice system-systemd\\x2dhibernate\\"]
[242.644129, "o", "x2dresume.slice.\r\nJan 21 15:33:02 devconf001 systemd[1]: Listening on udev Control Socket.\r\nJan 21 15:33:02 devconf001 systemd-journald[186]: Journal started\r\nJan 21 15:33:02 devconf001 systemd-journald[186]: Runtime journal (/run/log/journal/35b6b56ffe76473c901efe5b9bdb62cc) is 5.0M, max 40.4M, 35.4M free.\r\nJan 21 15:33:03 devconf001 systemd[1]: Started Setup Virtual Console.\r\nJan 21 15:33:03 devconf001 systemd[1]: Starting dracut cmdline hook...\r\nJan 21 15:33:03 devconf001 dracut-cmdline[195]: dracut-8.0 (Ootpa) dracut-049-5.git20181015.el8\r\nJan 21 15:33:03 devconf001 dracut-cmdline[195]: Using kernel command line parameters: BOOT_IMAGE=(hd0,msdos1)/vmlinuz-4.18.0-32.el8.x86_64 root=UUID=d137d7ca-c1a6-4fe0-bb8d-8f315bbcadfa ro console=ttyS0 crashkernel=auto resume=UUID=3a40caf3-e2ec-4bfe-8512-6fa1acb405f7\r\nJan 21 15:33:03 devconf001 kernel: random: fast init done\r\nJan 21 15:33:03 devconf001 systemd[1]: Started dracut cmdline hook.\r\nJan 21 15:33:03 devconf001 systemd[1]: Starting dracut pre-udev hook...\r\nJan"]
[242.644236, "o", " 21 15:33:03 devconf001 systemd[1]: Started dracut pre-udev hook.\r\nJan 21 15:33:03 devconf001 systemd[1]: Starting udev Kernel Device Manager...\r\nJan 21 15:33:03 devconf001 systemd[1]: Started udev Kernel Device Manager.\r\nJan 21 15:33:03 devconf001 systemd[1]: Starting udev Coldplug all Devices...\r\nJan 21 15:33:03 devconf001 systemd[1]: Started udev Coldplug all Devices.\r\nJan 21 15:33:03 devconf001 systemd[1]: Starting dracut initqueue hook...\r\nJan 21 15:33:03 devconf001 kernel: usb 1-1: new full-speed USB device number 2 using uhci_hcd\r\nJan 21 15:33:03 devconf001 systemd[1]: Mounting Kernel Configuration File System...\r\nJan 21 15:33:03 devconf001 systemd[1]: Mounted Kernel Configuration File System.\r\nJan 21 15:33:03 devconf001 kernel: virtio_blk virtio2: [vda] 62914560 512-byte logical blocks (32.2 GB/30.0 GiB)\r\nJan 21 15:33:03 devconf001 kernel: vda: vda1 vda2 vda3\r\nJan 21 15:33:03 devconf001 kernel: usb 1-1: New USB device found, idVendor=0627, idProduct=0001, bcdDevice= 0.00\r\nJan 21 15:33:03 devconf001 ke"]
[242.644639, "o", "rnel: usb 1-1: New USB device strings: Mfr=1, Product=3, SerialNumber=5\r\nJan 21 15:33:03 devconf001 kernel: usb 1-1: Product: QEMU USB Tablet\r\nJan 21 15:33:03 devconf001 kernel: usb 1-1: Manufacturer: QEMU\r\nJan 21 15:33:03 devconf001 kernel: usb 1-1: SerialNumber: 42\r\nJan 21 15:33:03 devconf001 kernel: input: QEMU QEMU USB Tablet as /devices/pci0000:00/0000:00:01.2/usb1/1-1/1-1:1.0/0003:0627:0001.0001/input/input5\r\nJan 21 15:33:03 devconf001 kernel: hid-generic 0003:0627:0001.0001: input,hidraw0: USB HID v0.01 Mouse [QEMU QEMU USB Tablet] on usb-0000:00:01.2-1/input0\r\nJan 21 15:33:03 devconf001 systemd-udevd[325]: link_config: autonegotiation is unset or enabled, the speed and duplex are not writable.\r\nJan 21 15:33:03 devconf001 systemd-udevd[329]: link_config: autonegotiation is unset or enabled, the speed and duplex are not writable.\r\nJan 21 15:33:03 devconf001 kernel: virtio_net virtio0 ens3: renamed from eth0\r\nJan 21 15:33:03 devconf001 kernel: scsi host0: ata_piix\r\nJan 21 15:33:03 devconf001 kernel: scsi"]
[242.645159, "o", " host1: ata_piix\r\nJan 21 15:33:03 devconf001 kernel: ata1: PATA max MWDMA2 cmd 0x1f0 ctl 0x3f6 bmdma 0xc0e0 irq 14\r\nJan 21 15:33:03 devconf001 kernel: ata2: PATA max MWDMA2 cmd 0x170 ctl 0x376 bmdma 0xc0e8 irq 15\r\nJan 21 15:33:04 devconf001 kernel: ata2.01: ATAPI: QEMU DVD-ROM, 2.5+, max UDMA/100\r\nJan 21 15:33:04 devconf001 kernel: scsi 1:0:1:0: CD-ROM            QEMU     QEMU DVD-ROM     2.5+ PQ: 0 ANSI: 5\r\nJan 21 15:33:04 devconf001 systemd-udevd[328]: Process '/sbin/modprobe -bv sg' failed with exit code 1.\r\nJan 21 15:33:04 devconf001 systemd-udevd[328]: Process '/sbin/modprobe -bv sg' failed with exit code 1.\r\nJan 21 15:33:04 devconf001 systemd[1]: Found device /dev/disk/by-uuid/3a40caf3-e2ec-4bfe-8512-6fa1acb405f7.\r\nJan 21 15:33:04 devconf001 systemd[1]: Found device /dev/disk/by-uuid/d137d7ca-c1a6-4fe0-bb8d-8f315bbcadfa.\r\nJan 21 15:33:04 devconf001 kernel: sr 1:0:1:0: [sr0] scsi3-mmc drive: 4x/4x cd/rw xa/form2 tray\r\nJan 21 15:33:04 devconf001 kernel: cdrom: Uniform CD-ROM driver Revision: 3.20\r\nJan 21 "]
[242.645464, "o", "15:33:04 devconf001 systemd-udevd[328]: Process '/sbin/modprobe -bv sg' failed with exit code 1.\r\nJan 21 15:33:04 devconf001 systemd[1]: Started dracut initqueue hook.\r\nJan 21 15:33:04 devconf001 systemd[1]: Reached target Remote File Systems (Pre).\r\nJan 21 15:33:04 devconf001 systemd[1]: Reached target Remote File Systems.\r\nJan 21 15:33:04 devconf001 systemd[1]: Reached target Initrd Root Device.\r\nJan 21 15:33:04 devconf001 systemd[1]: Starting Resume from hibernation using device /dev/disk/by-uuid/3a40caf3-e2ec-4bfe-8512-6fa1acb405f7...\r\nJan 21 15:33:04 devconf001 systemd-hibernate-resume[353]: Could not resume from '/dev/disk/by-uuid/3a40caf3-e2ec-4bfe-8512-6fa1acb405f7' (253:2).\r\nJan 21 15:33:04 devconf001 systemd[1]: Started Resume from hibernation using device /dev/disk/by-uuid/3a40caf3-e2ec-4bfe-8512-6fa1acb405f7.\r\nJan 21 15:33:04 devconf001 systemd[1]: Reached target Local File Systems (Pre).\r\nJan 21 15:33:04 devconf001 systemd[1]: Reached target Local File Systems.\r\nJan 21 15:33:04 devconf001 systemd"]
[242.645987, "o", "[1]: Starting Create Volatile Files and Directories...\r\nJan 21 15:33:04 devconf001 systemd[1]: Starting File System Check on /dev/disk/by-uuid/d137d7ca-c1a6-4fe0-bb8d-8f315bbcadfa...\r\nJan 21 15:33:04 devconf001 systemd[1]: Started Create Volatile Files and Directories.\r\nJan 21 15:33:04 devconf001 systemd[1]: Reached target System Initialization.\r\nJan 21 15:33:04 devconf001 systemd[1]: Reached target Basic System.\r\nJan 21 15:33:04 devconf001 systemd-fsck[357]: /usr/sbin/fsck.xfs: XFS file system.\r\nJan 21 15:33:04 devconf001 systemd[1]: Started File System Check on /dev/disk/by-uuid/d137d7ca-c1a6-4fe0-bb8d-8f315bbcadfa.\r\nJan 21 15:33:04 devconf001 systemd[1]: Mounting /sysroot...\r\nJan 21 15:33:04 devconf001 kernel: SGI XFS with ACLs, security attributes, no debug enabled\r\nJan 21 15:33:04 devconf001 kernel: XFS (vda3): Mounting V5 Filesystem\r\nJan 21 15:33:05 devconf001 kernel: XFS (vda3): Ending clean mount\r\nJan 21 15:33:05 devconf001 systemd[1]: Mounted /sysroot.\r\nJan 21 15:33:05 devconf001 systemd[1]: Reached "]
[242.646191, "o", "target Initrd Root File System.\r\nJan 21 15:33:05 devconf001 systemd[1]: Starting Reload Configuration from the Real Root...\r\nJan 21 15:33:05 devconf001 systemd[1]: Reloading.\r\nJan 21 15:33:05 devconf001 systemd[1]: Started Reload Configuration from the Real Root.\r\nJan 21 15:33:05 devconf001 systemd[1]: Reached target Initrd File Systems.\r\nJan 21 15:33:05 devconf001 systemd[1]: Reached target Initrd Default Target.\r\nJan 21 15:33:05 devconf001 systemd[1]: Starting dracut pre-pivot and cleanup hook...\r\nJan 21 15:33:06 devconf001 systemd[1]: Started dracut pre-pivot and cleanup hook.\r\nJan 21 15:33:06 devconf001 systemd[1]: Starting Cleaning Up and Shutting Down Daemons...\r\nJan 21 15:33:06 devconf001 systemd[1]: Stopped target Timers.\r\nJan 21 15:33:06 devconf001 systemd[1]: Stopped dracut pre-pivot and cleanup hook.\r\nJan 21 15:33:06 devconf001 systemd[1]: Stopped target Initrd Default Target.\r\nJan 21 15:33:06 devconf001 systemd[1]: Stopped target Basic System.\r\nJan 21 15:33:06 devconf001 systemd[1]: Stopped target"]
[242.64646, "o", " Slices.\r\nJan 21 15:33:06 devconf001 systemd[1]: Stopped target Sockets.\r\nJan 21 15:33:06 devconf001 systemd[1]: Stopped target Paths.\r\nJan 21 15:33:06 devconf001 systemd[1]: Stopped Dispatch Password Requests to Console Directory Watch.\r\nJan 21 15:33:06 devconf001 systemd[1]: Stopped target System Initialization.\r\nJan 21 15:33:06 devconf001 systemd[1]: Stopped Create Volatile Files and Directories.\r\nJan"]
[242.646709, "o", " 21 15:33:06 devconf001 systemd[1]: Stopped target Local File Systems.\r\nJan 21 15:33:06 devconf001 systemd[1]: Stopped target Local File Systems (Pre).\r\nJan 21 15:33:06 devconf001 systemd[1]: Stopped Apply Kernel Variables.\r\nJan 21 15:33:06 devconf001 systemd[1]: Stopping udev Kernel Device Manager...\r\nJan 21 15:33:06 devconf001 systemd[1]: Stopped target Swap.\r\nJan 21 15:33:06 devconf001 systemd[1]: Stopped target Remote File Systems.\r\nJan 21 15:33:06 devconf001 systemd[1]: Stopped target Remote File Systems (Pre).\r\nJan 21 15:33:06 devconf001 systemd[1]: Stopped dracut initqueue hook.\r\nJan 21 15:33:06 devconf001 systemd[1]: Stopped udev Coldplug all Devices.\r\nJan 21 15:33:06 devconf001 systemd[1]: Stopped target Initrd Root Device.\r\nJan 21 15:33:06 devconf001 systemd[1]: Stopped udev Kernel Device Manager.\r\nJan 21 15:33:06 devconf001 systemd[1]: Started Cleaning Up and Shutting Down Daemons.\r\nJan 21 15:33:06 devconf001 systemd[1]: Stopped Create Static Device Nodes in /dev.\r\nJan 21 15:33:06 devconf001 system"]
[242.646975, "o", "d[1]: Stopped Create list of required static device nodes for the current kernel.\r\nJan 21 15:33:06 devconf001 systemd[1]: Stopped dracut pre-udev hook.\r\nJan 21 15:33:06 devconf001 systemd[1]: Stopped dracut cmdline hook.\r\nJan 21 15:33:06 devconf001 systemd[1]: Closed udev Control Socket.\r\nJan 21 15:33:06 devconf001 systemd[1]: Closed udev Kernel Socket.\r\nJan 21 15:33:06 devconf001 systemd[1]: Starting Cleanup udevd DB...\r\nJan 21 15:33:06 devconf001 systemd[1]: Started Cleanup udevd DB.\r\nJan 21 15:33:06 devconf001 systemd[1]: Reached target Switch Root.\r\nJan 21 15:33:06 devconf001 systemd[1]: Starting Switch Root...\r\nJan 21 15:33:06 devconf001 systemd[1]: Switching root.\r\nJan 21 15:33:06 devconf001 systemd-journald[186]: Journal stopped\r\nJan 21 15:33:09 devconf001 systemd-journald[186]: Received SIGTERM from PID 1 (systemd).\r\nJan 21 15:33:09 devconf001 kernel: systemd: 15 output lines suppressed due to ratelimiting\r\nJan 21 15:33:09 devconf001 kernel: audit: type=1404 audit(1548102786.759:2): enforcing=1 old_en"]
[242.647509, "o", "forcing=0 auid=4294967295 ses=4294967295 enabled=1 old-enabled=1 lsm=selinux res=1\r\nJan 21 15:33:09 devconf001 kernel: SELinux:  Class bpf not defined in policy.\r\nJan 21 15:33:09 devconf001 kernel: SELinux:  Class xdp_socket not defined in policy.\r\nJan 21 15:33:09 devconf001 kernel: SELinux: the above unknown classes and permissions will be allowed\r\nJan 21 15:33:09 devconf001 kernel: SELinux:  policy capability network_peer_controls=1\r\nJan 21 15:33:09 devconf001 kernel: SELinux:  policy capability open_perms=1\r\nJan 21 15:33:09 devconf001 kernel: SELinux:  policy capability extended_socket_class=1\r\nJan 21 15:33:09 devconf001 kernel: SELinux:  policy capability always_check_network=0\r\nJan 21 15:33:09 devconf001 kernel: SELinux:  policy capability cgroup_seclabel=1\r\nJan 21 15:33:09 devconf001 kernel: SELinux:  policy capability nnp_nosuid_transition=1\r\nJan 21 15:33:09 devconf001 kernel: audit: type=1403 audit(1548102787.723:3): auid=4294967295 ses=4294967295 lsm=selinux res=1\r\nJan 21 15:33:09 devconf001 systemd["]
[242.647562, "o", "1]: Successfully loaded SELinux policy in 970.285ms.\r\nJan 21 15:33:09 devconf001 systemd[1]: Failed to insert module 'ip_tables': Operation not permitted\r\nJan 21 15:33:09 devconf001 systemd[1]: Relabelled /dev, /run and /sys/fs/cgroup in 132.225ms.\r\nJan 21 15:33:09 devconf001 systemd[1]: systemd 239 running in system mode. (+PAM +AUDIT +SELINUX +IMA -APPARMOR +SMACK +SYSVINIT +UTMP +LIBCRYPTSETUP +GCRYPT +GNUTLS +ACL +XZ +LZ4 +SECCOMP +BLKID +ELFUTILS +KMOD +IDN2 -IDN +PCRE2 default-hierarchy=legacy)\r\nJan 21 15:33:09 devconf001 systemd[1]: Detected virtualization kvm.\r\nJan 21 15:33:09 devconf001 systemd[1]: Detected architecture x86-64.\r\nJan 21 15:33:09 devconf001 systemd[1]: Set hostname to <localhost.localdomain>.\r\nJan 21 15:33:09 devconf001 systemd[1]: Initializing machine ID from KVM UUID.\r\nJan 21 15:33:09 devconf001 systemd[1]: Installed transient /etc/machine-id file.\r\nJan 21 15:33:09 devconf001 systemd[1]: Stopped Switch Root.\r\nJan 21 15:33:09 devconf001 systemd[1]: systemd-journald.service: Service ha"]
[242.647972, "o", "s no hold-off time (RestartSec=0), scheduling restart.\r\nJan 21 15:33:09 devconf001 systemd[1]: systemd-journald.service: Scheduled restart job, restart counter is at 1.\r\nJan 21 15:33:09 devconf001 systemd[1]: Stopped Journal Service.\r\nJan 21 15:33:09 devconf001 systemd-journald[471]: Journal started\r\nJan 21 15:33:09 devconf001 systemd-journald[471]: Runtime journal (/run/log/journal/e146afc9c8774a37b784eb22a7ee507d) is 5.0M, max 40.4M, 35.4M free.\r\nJan 21 15:33:09 devconf001 kernel: Adding 1048572k swap on /dev/vda2.  Priority:-2 extents:1 across:1048572k FS\r\nJan 21 15:33:09 devconf001 systemd[1]: Mounted Kernel Debug File System.\r\nJan 21 15:33:09 devconf001 systemd[1]: Mounted Huge Pages File System.\r\nJan 21 15:33:09 devconf001 systemd[1]: Started Remount Root and Kernel File Systems.\r\nJan 21 15:33:09 devconf001 systemd[1]: Started Create list of required static device nodes for the current kernel.\r\nJan 21 15:33:09 devconf001 systemd[1]: Activated swap /dev/disk/by-uuid/3a40caf3-e2ec-4bfe-8512-6fa1acb405f7.\r"]
[242.648498, "o", "\nJan 21 15:33:09 devconf001 systemd[1]: Mounted POSIX Message Queue File System.\r\nJan 21 15:33:09 devconf001 systemd[1]: Reached target Swap.\r\nJan 21 15:33:09 devconf001 systemd[1]: Starting Load/Save Random Seed...\r\nJan 21 15:33:09 devconf001 systemd[1]: Starting Create System Users...\r\nJan 21 15:33:09 devconf001 systemd[1]: Starting Rebuild Hardware Database...\r\nJan 21 15:33:09 devconf001 systemd[1]: Starting Flush Journal to Persistent Storage...\r\nJan 21 15:33:09 devconf001 systemd[1]: Started Read and set NIS domainname from /etc/sysconfig/network.\r\nJan 21 15:33:09 devconf001 systemd[1]: Started Apply Kernel Variables.\r\nJan 21 15:33:09 devconf001 systemd[1]: Started Load/Save Random Seed.\r\nJan 21 15:33:09 devconf001 systemd-journald[471]: Runtime journal (/run/log/journal/e146afc9c8774a37b784eb22a7ee507d) is 5.0M, max 40.4M, 35.4M free.\r\nJan 21 15:33:09 devconf001 systemd[1]: Started Create System Users.\r\nJan 21 15:33:09 devconf001 systemd[1]: Started Flush Journal to Persistent Storage.\r\nJan 21 15:33:09 "]
[242.648566, "o", "devconf001 systemd[1]: Starting Create Static Device Nodes in /dev...\r\nJan 21 15:33:09 devconf001 systemd[1]: Started udev Coldplug all Devices.\r\nJan 21 15:33:09 devconf001 systemd-tmpfiles[499]: [/usr/lib/tmpfiles.d/subscription-manager.conf:1] Line references path below legacy directory /var/run/, updating /var/run/rhsm  /run/rhsm; please update the tmpfiles.d/ drop-in file accordingly.\r\nJan 21 15:33:10 devconf001 systemd[1]: Started Create Static Device Nodes in /dev.\r\nJan 21 15:33:10 devconf001 systemd[1]: Reached target Local File Systems (Pre).\r\nJan 21 15:33:10 devconf001 systemd[1]: Mounting /boot...\r\nJan 21 15:33:10 devconf001 kernel: XFS (vda1): Mounting V5 Filesystem\r\nJan 21 15:33:10 devconf001 systemd[1]: Started Rebuild Hardware Database.\r\nJan 21 15:33:10 devconf001 systemd[1]: Starting udev Kernel Device Manager...\r\nJan 21 15:33:11 devconf001 systemd[1]: Started udev Kernel Device Manager.\r\nJan 21 15:33:11 devconf001 kernel: piix4_smbus 0000:00:01.3: SMBus Host Controller at 0x700, revision 0\r"]
[242.649039, "o", "\nJan 21 15:33:11 devconf001 kernel: input: PC Speaker as /devices/platform/pcspkr/input/input6\r\nJan 21 15:33:11 devconf001 systemd-udevd[518]: link_config: autonegotiation is unset or enabled, the speed and duplex are not writable.\r\nJan 21 15:33:11 devconf001 kernel: sr 1:0:1:0: Attached scsi generic sg0 type 5\r\nJan 21 15:33:12 devconf001 systemd-udevd[517]: link_config: autonegotiation is unset or enabled, the speed and duplex are not writable.\r\nJan 21 15:33:13 devconf001 kernel: [TTM] Zone  kernel: Available graphics memory: 414550 kiB\r\nJan 21 15:33:13 devconf001 kernel: [TTM] Initializing pool allocator\r\nJan 21 15:33:13 devconf001 kernel: [TTM] Initializing DMA pool allocator\r\nJan 21 15:33:13 devconf001 kernel: [drm] fb mappable at 0xFC000000\r\nJan 21 15:33:13 devconf001 kernel: [drm] vram aper at 0xFC000000\r\nJan 21 15:33:13 devconf001 kernel: [drm] size 33554432\r\nJan 21 15:33:13 devconf001 kernel: [drm] fb depth is 24\r\nJan 21 15:33:13 devconf001 kernel: [drm]    pitch is 3072\r\nJan 21 15:33:13 devconf001 ke"]
[242.649089, "o", "rnel: fbcon: cirrusdrmfb (fb0) is primary device\r\nJan 21 15:33:13 devconf001 kernel: Console: switching to colour frame buffer device 128x48\r\nJan 21 15:33:13 devconf001 kernel: cirrus 0000:00:02.0: fb0: cirrusdrmfb frame buffer device\r\nJan 21 15:33:13 devconf001 kernel: [drm] Initialized cirrus 1.0.0 20110418 for 0000:00:02.0 on minor 0\r\nJan 21 15:33:14 devconf001 kernel: random: crng init done\r\nJan 21 15:33:14 devconf001 kernel: random: 7 urandom warning(s) missed due to ratelimiting\r\nJan 21 15:33:15 devconf001 kernel: XFS (vda1): Ending clean mount\r\nJan 21 15:33:15 devconf001 systemd[1]: Mounted /boot.\r\nJan 21 15:33:15 devconf001 systemd[1]: Reached target Local File Systems.\r\nJan 21 15:33:15 devconf001 systemd[1]: Starting Import network configuration from initramfs...\r\nJan 21 15:33:15 devconf001 systemd[1]: Starting Rebuild Journal Catalog...\r\nJan 21 15:33:15 devconf001 systemd[1]: Starting Commit a transient machine-id on disk...\r\nJan 21 15:33:15 devconf001 systemd[1]: Starting Restore /run/initramfs on "]
[242.649804, "o", "shutdown...\r\nJan 21 15:33:15 devconf001 systemd[1]: Starting Rebuild Dynamic Linker Cache...\r\nJan 21 15:33:15 devconf001 systemd[1]: Started Restore /run/initramfs on shutdown.\r\nJan 21 15:33:15 devconf001 systemd[1]: Started Commit a transient machine-id on disk.\r\nJan 21 15:33:15 devconf001 systemd[1]: Started Import network configuration from initramfs.\r\nJan 21 15:33:15 devconf001 systemd[1]: Starting Create Volatile Files and Directories...\r\nJan 21 15:33:15 devconf001 systemd[1]: Started Rebuild Journal Catalog.\r\nJan 21 15:33:15 devconf001 systemd-tmpfiles[572]: [/usr/lib/tmpfiles.d/subscription-manager.conf:1] Line references path below legacy directory /var/run/, updating /var/run/rhsm  /run/rhsm; please update the tmpfiles.d/ drop-in file accordingly.\r\nJan 21 15:33:15 devconf001 systemd[1]: Started Create Volatile Files and Directories.\r\nJan 21 15:33:15 devconf001 systemd[1]: Starting Security Auditing Service...\r\nJan 21 15:33:15 devconf001 systemd[1]: Mounting RPC Pipe File System...\r\nJan 21 15:33:15"]
[242.650083, "o", " devconf001 systemd[1]: Starting RPC Bind...\r\nJan 21 15:33:15 devconf001 auditd[579]: audit dispatcher initialized with q_depth=400 and 1 active plugins\r\nJan 21 15:33:15 devconf001 kernel: RPC: Registered named UNIX socket transport module.\r\nJan 21 15:33:15 devconf001 kernel: RPC: Registered udp transport module.\r\nJan 21 15:33:15 devconf001 kernel: RPC: Registered tcp transport module.\r\nJan"]
[242.650148, "o", " 21 15:33:15 devconf001 kernel: RPC: Registered tcp NFSv4.1 backchannel transport module.\r\nJan 21 15:33:15 devconf001 systemd[1]: Mounted RPC Pipe File System.\r\nJan 21 15:33:15 devconf001 systemd[1]: Reached target rpc_pipefs.target.\r\nJan 21 15:33:15 devconf001 auditd[579]: Init complete, auditd 3.0 listening for events (startup state enable)\r\nJan 21 15:33:15 devconf001 systemd[1]: Started RPC Bind.\r\nJan 21 15:33:15 devconf001 systemd[1]: Started Security Auditing Service.\r\nJan 21 15:33:16 devconf001 systemd[1]: Starting Update UTMP about System Boot/Shutdown...\r\nJan 21 15:33:16 devconf001 systemd[1]: Started Update UTMP about System Boot/Shutdown.\r\nJan 21 15:33:16 devconf001 systemd[1]: Started Rebuild Dynamic Linker Cache.\r\nJan 21 15:33:16 devconf001 systemd[1]: Starting Update is Completed...\r\nJan 21 15:33:16 devconf001 systemd[1]: Started Update is Completed.\r\nJan 21 15:33:16 devconf001 systemd[1]: Reached target System Initialization.\r\nJan 21 15:33:16 devconf001 systemd[1]: Listening on D-Bus System Mess"]
[242.650465, "o", "age Bus Socket.\r\nJan 21 15:33:16 devconf001 systemd[1]: Starting Initial cloud-init job (pre-networking)...\r\nJan 21 15:33:16 devconf001 systemd[1]: Started dnf makecache --timer.\r\nJan 21 15:33:16 devconf001 systemd[1]: Started daily update of the root trust anchor for DNSSEC.\r\nJan 21 15:33:16 devconf001 systemd[1]: Started Daily Cleanup of Temporary Directories.\r\nJan 21 15:33:16 devconf001 systemd[1]: Reached target Timers.\r\nJan 21 15:33:16 devconf001 systemd[1]: Listening on SSSD Kerberos Cache Manager responder socket.\r\nJan 21 15:33:16 devconf001 systemd[1]: Reached target Sockets.\r\nJan 21 15:33:16 devconf001 systemd[1]: Reached target Basic System.\r\nJan 21 15:33:16 devconf001 systemd[1]: Started D-Bus System Message Bus.\r\nJan 21 15:33:16 devconf001 systemd[1]: Started Hardware RNG Entropy Gatherer Daemon.\r\nJan 21 15:33:16 devconf001 systemd[1]: Starting NTP client/server...\r\nJan 21 15:33:16 devconf001 systemd[1]: Starting GSSAPI Proxy Daemon...\r\nJan 21 15:33:16 devconf001 systemd[1]: Starting OpenSSH rsa S"]
[242.650711, "o", "erver Key Generation...\r\nJan 21 15:33:16 devconf001 systemd[1]: Starting System Security Services Daemon...\r\nJan 21 15:33:17 devconf001 systemd[1]: Started irqbalance daemon.\r\nJan 21 15:33:17 devconf001 chronyd[622]: chronyd version 3.3 starting (+CMDMON +NTP +REFCLOCK +RTC +PRIVDROP +SCFILTER +SIGND +ASYNCDNS +SECHASH +IPV6 +DEBUG)\r\nJan 21 15:33:17 devconf001 systemd[1]: Started QEMU Guest Agent.\r\nJan 21 15:33:17 devconf001 /usr/sbin/irqbalance[618]: Balancing is ineffective on systems with a single cpu.  Shutting down\r\nJan 21 15:33:17 devconf001 rngd[613]: Failed to init entropy source 0: Hardware RNG Device\r\nJan 21 15:33:17 devconf001 rngd[613]: Failed to init entropy source 1: TPM RNG Device\r\nJan 21 15:33:17 devconf001 systemd[1]: Starting OpenSSH ed25519 Server Key Generation...\r\nJan 21 15:33:17 devconf001 chronyd[622]: Using right/UTC timezone to obtain leap second data\r\nJan 21 15:33:17 devconf001 systemd[1]: Starting Authorization Manager...\r\nJan 21 15:33:17 devconf001 systemd[1]: Starting OpenSSH ecds"]
[242.651087, "o", "a Server Key Generation...\r\nJan 21 15:33:17 devconf001 systemd[1]: Started GSSAPI Proxy Daemon.\r\nJan 21 15:33:17 devconf001 systemd[1]: Reached target NFS client services.\r\nJan 21 15:33:17 devconf001 systemd[1]: Reached target Remote File Systems (Pre).\r\nJan 21 15:33:17 devconf001 systemd[1]: Reached target Remote File Systems.\r\nJan 21 15:33:17 devconf001 polkitd[627]: Started polkitd version 0.115\r\nJan 21 15:33:18 devconf001 systemd[1]: Started NTP client/server.\r\nJan 21 15:33:18 devconf001 systemd[1]: Started OpenSSH ed25519 Server Key Generation.\r\nJan 21 15:33:18 devconf001 systemd[1]: Started OpenSSH ecdsa Server Key Generation.\r\nJan 21 15:33:18 devconf001 systemd[1]: Started OpenSSH rsa Server Key Generation.\r\nJan 21 15:33:18 devconf001 systemd[1]: Reached target sshd-keygen.target.\r\nJan 21 15:33:18 devconf001 systemd[1]: Started Authorization Manager.\r\nJan 21 15:33:19 devconf001 sssd[617]: Starting up\r\nJan 21 15:33:21 devconf001 sssd[be[implicit_files]][674]: Starting up\r\nJan 21 15:33:21 devconf001 sssd"]
[242.651278, "o", "[nss][675]: Starting up\r\nJan 21 15:33:21 devconf001 systemd[1]: Started System Security Services Daemon.\r\nJan 21 15:33:21 devconf001 systemd[1]: Reached target User and Group Name Lookups.\r\nJan 21 15:33:21 devconf001 systemd[1]: Starting Login Service...\r\nJan 21 15:33:22 devconf001 systemd-logind[677]: New seat seat0.\r\nJan 21 15:33:22 devconf001 systemd-logind[677]: Watching system buttons on /dev/input/event0 (Power Button)\r\nJan 21 15:33:22 devconf001 systemd-logind[677]: Watching system buttons on /dev/input/event1 (AT Translated Set 2 keyboard)\r\nJan 21 15:33:22 devconf001 systemd[1]: Started Login Service.\r\nJan 21 15:33:22 devconf001 dbus-daemon[612]: [system] Activating via systemd: service name='org.freedesktop.hostname1' unit='dbus-org.freedesktop.hostname1.service' requested by ':1.6' (uid=0 pid=699 comm=\"hostnamectl set-hostname devconf001.default \" label=\"system_u:system_r:cloud_init_t:s0\")\r\nJan 21 15:33:22 devconf001 systemd[1]: Starting Hostname Service...\r\nJan 21 15:33:22 devconf001 dbus-daemon[61"]
[242.651404, "o", "2]: [system] Successfully activated service 'org.freedesktop.hostname1'\r\nJan 21 15:33:22 devconf001 systemd[1]: Started Hostname Service.\r\nJan 21 15:33:22 devconf001 systemd-hostnamed[700]: Changed static host name to 'devconf001.default'\r\nJan 21 15:33:22 devconf001 systemd-hostnamed[700]: Changed host name to 'devconf001.default'\r\nJan 21 15:33:22 devconf001 cloud-init[655]: Cloud-init v. 18.2 running 'init-local' at Mon, 21 Jan 2019 20:33:22 +0000. Up 20.73 seconds.\r\nJan 21 15:33:22 devconf001 cloud-init[655]: 2019-01-21 20:33:22,751 - stages.py[ERROR]: Unable to render networking. Network config is likely broken: No available network renderers found. Searched through list: ['eni', 'sysconfig', 'netplan']\r\nJan 21 15:33:22 devconf001 systemd[1]: Started Initial cloud-init job (pre-networking).\r\nJan 21 15:33:22 devconf001 systemd[1]: Reached target Network (Pre).\r\nJan 21 15:33:22 devconf001 systemd[1]: Starting Network Manager...\r\nJan 21 15:33:23 devconf001 NetworkManager[707]: <info>  [1548102803.1548] Networ"]
[242.651845, "o", "kManager (version 1.14.0-5.el8) is starting... (for the first time)\r\nJan 21 15:33:23 devconf001 NetworkManager[707]: <info>  [1548102803.1560] Read config: /etc/NetworkManager/NetworkManager.conf\r\nJan 21 15:33:23 devconf001 systemd[1]: Started Network Manager.\r\nJan 21 15:33:23 devconf001 systemd[1]: Starting Network Manager Wait Online...\r\nJan 21 15:33:23 devconf001 systemd[1]: Starting Initial cloud-init job (metadata service crawler)...\r\nJan 21 15:33:23 devconf001 systemd[1]: Reached target Network.\r\nJan 21 15:33:23 devconf001 systemd[1]: Starting Dynamic System Tuning Daemon...\r\nJan 21 15:33:23 devconf001 NetworkManager[707]: <info>  [1548102803.2440] bus-manager: acquired D-Bus service \"org.freedesktop.NetworkManager\"\r\nJan 21 15:33:23 devconf001 NetworkManager[707]: <info>  [1548102803.2878] manager[0x562d7e098090]: monitoring kernel firmware directory '/lib/firmware'.\r\nJan 21 15:33:23 devconf001 NetworkManager[707]: <info>  [1548102803.3174] hostname: hostname: using hostnamed\r\nJan 21 15:33:23 devconf001"]
[242.651886, "o", " NetworkManager[707]: <info>  [1548102803.3176] hostname: hostname changed from (none) to \"devconf001.default\"\r\nJan 21 15:33:23 devconf001 NetworkManager[707]: <info>  [1548102803.3267] dns-mgr[0x562d7e0a40f0]: init: dns=default, rc-manager=symlink\r\nJan 21 15:33:23 devconf001 dbus-daemon[612]: [system] Activating via systemd: service name='org.freedesktop.nm_dispatcher' unit='dbus-org.freedesktop.nm-dispatcher.service' requested by ':1.8' (uid=0 pid=707 comm=\"/usr/sbin/NetworkManager --no-daemon \" label=\"system_u:system_r:NetworkManager_t:s0\")\r\nJan 21 15:33:23 devconf001 systemd[1]: Starting Network Manager Script Dispatcher Service...\r\nJan 21 15:33:23 devconf001 dbus-daemon[612]: [system] Successfully activated service 'org.freedesktop.nm_dispatcher'\r\nJan 21 15:33:23 devconf001 systemd[1]: Started Network Manager Script Dispatcher Service.\r\nJan 21 15:33:23 devconf001 NetworkManager[707]: <info>  [1548102803.5901] settings: Loaded settings plugin: SettingsPluginIfcfg (\"/usr/lib64/NetworkManager/1.14.0-5.el8/l"]
[242.652117, "o", "ibnm-settings-plugin-ifcfg-rh.so\")\r\nJan 21 15:33:23 devconf001 NetworkManager[707]: <info>  [1548102803.6192] settings: Loaded settings plugin: NMSIbftPlugin (\"/usr/lib64/NetworkManager/1.14.0-5.el8/libnm-settings-plugin-ibft.so\")\r\nJan 21 15:33:23 devconf001 NetworkManager[707]: <info>  [1548102803.6193] settings: Loaded settings plugin: NMSKeyfilePlugin (internal)\r\nJan 21 15:33:23 devconf001 NetworkManager[707]: <info>  [1548102803.6380] ifcfg-rh: new connection /etc/sysconfig/network-scripts/ifcfg-eth0 (5fb06bd0-0bb0-7ffb-45f1-d6edd65f3e03,\"System eth0\")\r\nJan 21 15:33:23 devconf001 NetworkManager[707]: <info>  [1548102803.6508] ifcfg-rh: new connection /etc/sysconfig/network-scripts/ifcfg-ens3 (6fdb13a0-1592-4992-a09e-632c23fb0d0f,\"ens3\")\r\nJan 21 15:33:23 devconf001 NetworkManager[707]: <info>  [1548102803.6689] manager: rfkill: WiFi enabled by radio killswitch; enabled by state file\r\nJan 21 15:33:23 devconf001 NetworkManager[707]: <info>  [1548102803.6697] manager: rfkill: WWAN enabled by radio killswitch;"]
[242.652374, "o", " enabled by state file\r\nJan 21 15:33:23 devconf001 NetworkManager[707]: <info>  [1548102803.6737] manager: Networking is enabled by state file\r\nJan 21 15:33:23 devconf001 NetworkManager[707]: <info>  [1548102803.6749] dhcp-init: Using DHCP client 'internal'\r\nJan 21 15:33:23 devconf001 nm-dispatcher[717]: req:1 'hostname': new request (3 scripts)\r\nJan 21 15:33:23 devconf001 nm-dispatcher[717]: req:1 'hostname': start running ordered scripts...\r\nJan 21 15:33:23 devconf001 NetworkManager[707]: <info>  [1548102803.7265] Loaded device plugin: NMTeamFactory (/usr/lib64/NetworkManager/1.14.0-5.el8/libnm-device-plugin-team.so)\r\nJan 21 15:33:23 devconf001 NetworkManager[707]: <info>  [1548102803.7401] device (lo): carrier: link connected\r\nJan 21 15:33:23 devconf001 NetworkManager[707]: <info>  [1548102803.7448] manager: (lo): new Generic device (/org/freedesktop/NetworkManager/Devices/1)\r\nJan 21 15:33:23 devconf001 NetworkManager[707]: <info>  [1548102803.7778] manager: (ens3): new Ethernet device (/org/freedesktop/Ne"]
[242.652507, "o", "tworkManager/Devices/2)\r\nJan 21 15:33:23 devconf001 NetworkManager[707]: <info>  [1548102803.8167] device (ens3): state change: unmanaged -> unavailable (reason 'managed', sys-iface-state: 'external')\r\nJan 21 15:33:23 devconf001 kernel: IPv6: ADDRCONF(NETDEV_UP): ens3: link is not ready\r\nJan 21 15:33:23 devconf001 NetworkManager[707]: <info>  [1548102803.8504] device (ens3): carrier: link connected\r\nJan 21 15:33:23 devconf001 nm-dispatcher[717]: req:2 'connectivity-change': new request (3 scripts)\r\nJan 21 15:33:23 devconf001 nm-dispatcher[717]: req:2 'connectivity-change': start running ordered scripts...\r\nJan 21 15:33:24 devconf001 NetworkManager[707]: <info>  [1548102804.0747] device (ens3): state change: unavailable -> disconnected (reason 'none', sys-iface-state: 'managed')\r\nJan 21 15:33:24 devconf001 NetworkManager[707]: <info>  [1548102804.0839] policy: auto-activating connection 'ens3' (6fdb13a0-1592-4992-a09e-632c23fb0d0f)\r\nJan 21 15:33:24 devconf001 NetworkManager[707]: <info>  [1548102804.1026] devi"]
[242.652622, "o", "ce (ens3): Activation: starting connection 'ens3' (6fdb13a0-1592-4992-a09e-632c23fb0d0f)\r\nJan 21 15:33:24 devconf001 NetworkManager[707]: <info>  [1548102804.1041] device (ens3): state change: disconnected -> prepare (reason 'none', sys-iface-state: 'managed')\r\nJan 21 15:33:24 devconf001 NetworkManager[707]: <info>  [1548102804.1178] manager: NetworkManager state is now CONNECTING\r\nJan 21 15:33:24 devconf001 NetworkManager[707]: <info>  [1548102804.1288] device (ens3): state change: prepare -> config (reason 'none', sys-iface-state: 'managed')\r\nJan 21 15:33:24 devconf001 NetworkManager[707]: <info>  [1548102804.1527] device (ens3): state change: config -> ip-config (reason 'none', sys-iface-state: 'managed')\r\nJan 21 15:33:24 devconf001 NetworkManager[707]: <info>  [1548102804.1669] dhcp4 (ens3): activation: beginning transaction (timeout in 45 seconds)\r\nJan 21 15:33:26 devconf001 NetworkManager[707]: <info>  [1548102806.4629] dhcp4 (ens3):   address 192.168.122.226\r\nJan 21 15:33:26 devconf001 NetworkManager[7"]
[242.65271, "o", "07]: <info>  [1548102806.4630] dhcp4 (ens3):   plen 24\r\nJan 21 15:33:26 devconf001 NetworkManager[707]: <info>  [1548102806.4630] dhcp4 (ens3):   expires in 3600 seconds\r\nJan 21 15:33:26 devconf001 NetworkManager[707]: <info>  [1548102806.4630] dhcp4 (ens3):   nameserver '192.168.122.1'\r\nJan 21 15:33:26 devconf001 NetworkManager[707]: <info>  [1548102806.4630] dhcp4 (ens3):   domain name 'default'\r\nJan 21 15:33:26 devconf001 NetworkManager[707]: <info>  [1548102806.4630] dhcp4 (ens3):   hostname 'devconf001'\r\nJan 21 15:33:26 devconf001 NetworkManager[707]: <info>  [1548102806.4631] dhcp4 (ens3):   gateway 192.168.122.1\r\nJan 21 15:33:26 devconf001 NetworkManager[707]: <info>  [1548102806.4633] dhcp4 (ens3): state changed unknown -> bound\r\nJan 21 15:33:26 devconf001 NetworkManager[707]: <info>  [1548102806.4908] device (ens3): state change: ip-config -> ip-check (reason 'none', sys-iface-state: 'managed')\r\nJan 21 15:33:26 devconf001 NetworkManager[707]: <info>  [1548102806.5274] device (ens3): state change: ip-"]
[242.652777, "o", "check -> secondaries (reason 'none', sys-iface-state: 'managed')\r\nJan 21 15:33:26 devconf001 NetworkManager[707]: <info>  [1548102806.5328] device (ens3): state change: secondaries -> activated (reason 'none', sys-iface-state: 'managed')\r\nJan 21 15:33:26 devconf001 NetworkManager[707]: <info>  [1548102806.5609] manager: NetworkManager state is now CONNECTED_LOCAL\r\nJan 21 15:33:26 devconf001 NetworkManager[707]: <info>  [1548102806.5817] manager: NetworkManager state is now CONNECTED_SITE\r\nJan 21 15:33:26 devconf001 NetworkManager[707]: <info>  [1548102806.5965] policy: set 'ens3' (ens3) as default for IPv4 routing and DNS\r\nJan 21 15:33:26 devconf001 NetworkManager[707]: <info>  [1548102806.7558] device (ens3): Activation: succe"]
[242.652967, "o", "ssful, device activated.\r\nJan 21 15:33:26 devconf001 NetworkManager[707]: <info>  [1548102806.7566] manager: NetworkManager state is now CONNECTED_GLOBAL\r\nJan 21 15:33:26 devconf001 NetworkManager[707]: <info>  [1548102806.7571] manager: startup complete\r\nJan 21 15:33:26 devconf001 nm-dispatcher[717]: req:3 'up' [ens3]: new request (3 scripts)\r\nJan 21 15:33:26 devconf001 nm-dispatcher[717]: req:3 'up' [ens3]: start running ordered scripts...\r\nJan 21 15:33:26 devconf001 systemd[1]: Started Network Manager Wait Online.\r\nJan 21 15:33:26 devconf001 systemd[1]: Started Dynamic System Tuning Daemon.\r\nJan 21 15:33:26 devconf001 nm-dispatcher[717]: req:4 'connectivity-change': new request (3 scripts)\r\nJan 21 15:33:26 devconf001 nm-dispatcher[717]: req:4 'connectivity-change': start running ordered scripts...\r\nJan 21 15:33:31 devconf001 cloud-init[712]: Cloud-init v. 18.2 running 'init' at Mon, 21 Jan 2019 20:33:25 +0000. Up 24.24 seconds.\r\nJan 21 15:33:31 devconf001 cloud-init[712]: ci-info: +++++++++++++++++++++++++"]
[242.653256, "o", "++Net device info+++++++++++++++++++++++++++\r\nJan 21 15:33:31 devconf001 cloud-init[712]: ci-info: +--------+------+-----------+-----------+-------+-------------------+\r\nJan 21 15:33:31 devconf001 cloud-init[712]: ci-info: | Device |  Up  |  Address  |    Mask   | Scope |     Hw-Address    |\r\nJan 21 15:33:31 devconf001 cloud-init[712]: ci-info: +--------+------+-----------+-----------+-------+-------------------+\r\nJan 21 15:33:31 devconf001 cloud-init[712]: ci-info: | ens3:  | True |     .     |     .     |   .   | 52:54:00:bb:68:68 |\r\nJan 21 15:33:31 devconf001 cloud-init[712]: ci-info: | ens3:  | True |     .     |     .     |   d   | 52:54:00:bb:68:68 |\r\nJan 21 15:33:31 devconf001 cloud-init[712]: ci-info: |  lo:   | True | 127.0.0.1 | 255.0.0.0 |   .   |         .         |\r\nJan 21 15:33:31 devconf001 cloud-init[712]: ci-info: |  lo:   | True |     .     |     .     |   d   |         .         |\r\nJan 21 15:33:31 devconf001 cloud-init[712]: ci-info: +--------+------+-----------+-----------+-------+--------"]
[242.653404, "o", "-----------+\r\nJan 21 15:33:31 devconf001 systemd[1]: Started Initial cloud-init job (metadata service crawler).\r\nJan 21 15:33:31 devconf001 systemd[1]: Reached target Cloud-config availability.\r\nJan 21 15:33:31 devconf001 systemd[1]: Starting Permit User Sessions...\r\nJan 21 15:33:31 devconf001 systemd[1]: Starting OpenSSH server daemon...\r\nJan 21 15:33:31 devconf001 systemd[1]: Reached target Network is Online.\r\nJan 21 15:33:31 devconf001 systemd[1]: Starting Apply the settings specified in cloud-config...\r\nJan 21 15:33:31 devconf001 systemd[1]: Starting Crash recovery kernel arming...\r\nJan 21 15:33:31 devconf001 systemd[1]: Starting System Logging Service...\r\nJan 21 15:33:31 devconf001 systemd[1]: Starting Notify NFS peers of a restart...\r\nJan 21 15:33:31 devconf001 systemd[1]: Started Permit User Sessions.\r\nJan 21 15:33:31 devconf001 systemd[1]: Started Getty on tty1.\r\nJan 21 15:33:31 devconf001 systemd[1]: Started Command Scheduler.\r\nJan 21 15:33:31 devconf001 systemd[1]: Started Serial Getty on ttyS0.\r\nJa"]
[242.653496, "o", "n 21 15:33:31 devconf001 systemd[1]: Reached target Login Prompts.\r\nJan 21 15:33:31 devconf001 sm-notify[845]: Version 2.3.3 starting\r\nJan 21 15:33:31 devconf001 systemd[1]: Started Notify NFS peers of a restart.\r\nJan 21 15:33:31 devconf001 systemd[1]: Started OpenSSH server daemon.\r\nJan 21 15:33:31 devconf001 chronyd[622]: Selected source 84.125.0.65\r\nJan 21 15:33:31 devconf001 chronyd[622]: System clock TAI offset set to 37 seconds\r\nJan 21 15:33:31 devconf001 rsyslogd[844]: environment variable TZ is not set, auto correcting this to TZ=/etc/localtime  [v8.37.0-6.el8 try http://www.rsyslog.com/e/2442 ]\r\nJan 21 15:33:31 devconf001 systemd[1]: Started System Logging Service.\r\nJan 21 15:33:31 devconf001 rsyslogd[844]: [origin software=\"rsyslogd\" swVersion=\"8.37.0-6.el8\" x-pid=\"844\" x-info=\"http://www.rsyslog.com\"] start\r\nJan 21 15:33:31 devconf001 rsyslogd[844]: imjournal: No statefile exists, /var/lib/rsyslog/imjournal.state will be created (ignore if this is first run): No such file or directory [v8.37.0-6.el"]
[242.653613, "o", "8 try http://www.rsyslog.com/e/2040 ]\r\nJan 21 15:33:32 devconf001 kdumpctl[843]: No kdump initial ramdisk found.\r\nJan 21 15:33:32 devconf001 kdumpctl[843]: Rebuilding /boot/initramfs-4.18.0-32.el8.x86_64kdump.img\r\nJan 21 15:33:33 devconf001 chronyd[622]: Selected source 213.251.52.234\r\nJan 21 15:33:35 devconf001 systemd[1]: Stopping OpenSSH server daemon...\r\nJan 21 15:33:35 devconf001 systemd[1]: Stopped OpenSSH server daemon.\r\nJan 21 15:33:35 devconf001 systemd[1]: Stopped target sshd-keygen.target.\r\nJan 21 15:33:35 devconf001 systemd[1]: Stopping sshd-keygen.target.\r\nJan 21 15:33:35 devconf001 systemd[1]: Reached target sshd-keygen.target.\r\nJan 21 15:33:35 devconf001 systemd[1]: Starting OpenSSH server daemon...\r\nJan 21 15:33:35 devconf001 systemd[1]: Started OpenSSH server daemon.\r\nJan 21 15:33:35 devconf001 cloud-init[841]: Cloud-init v. 18.2 running 'modules:config' at Mon, 21 Jan 2019 20:33:34 +0000. Up 32.98 seconds.\r\nJan 21 15:33:35 devconf001 systemd[1]: Started Apply the settings specified in cloud-"]
[242.653994, "o", "config.\r\nJan 21 15:33:35 devconf001 systemd[1]: Starting Execute cloud user/final scripts...\r\nJan 21 15:33:40 devconf001 dracut[2105]: dracut-049-5.git20181015.el8\r\nJan 21 15:33:41 devconf001 dracut[2107]: Executing: /usr/bin/dracut --quiet --hostonly --hostonly-cmdline --hostonly-i18n --hostonly-mode strict -o \"plymouth dash resume ifcfg\" --mount \"/dev/disk/by-uuid/d137d7ca-c1a6-4fe0-bb8d-8f315bbcadfa /sysroot xfs defaults\" --no-hostonly-default-device -f /boot/initramfs-4.18.0-32.el8.x86_64kdump.img 4.18.0-32.el8.x86_64\r\nJan 21 15:33:41 devconf001 systemd[1]: Created slice system-user\\x2druntime\\x2ddir.slice.\r\nJan 21 15:33:41 devconf001 systemd[1]: Started /run/user/1000 mount wrapper.\r\nJan 21 15:33:41 devconf001 systemd[1]: Created slice User Slice of UID 1000.\r\nJan 21 15:33:41 devconf001 systemd[1]: Starting User Manager for UID 1000...\r\nJan 21 15:33:41 devconf001 systemd[1]: Started Session 1 of user cloud-user.\r\nJan 21 15:33:41 devconf001 systemd-logind[677]: New session 1 of user cloud-user.\r\nJan 21 15"]
[242.654141, "o", ":33:41 devconf001 dracut[2107]: dracut module 'busybox' will not be installed, because command 'busybox' could not be found!\r\nJan 21 15:33:42 devconf001 dracut[2107]: dracut module 'ifcfg' will not be installed, because it's in the list to be omitted!\r\nJan 21 15:33:42 devconf001 dracut[2107]: dracut module 'plymouth' will not be installed, because it's in the list to be omitted!\r\nJan 21 15:33:42 devconf001 dracut[2107]: dracut module 'lvmmerge' will not be installed, because command 'lvm' could not be found!\r\nJan 21 15:33:42 devconf001 dracut[2107]: dracut module 'btrfs' will not be installed, because command 'btrfs' could not be found!\r\nJan 21 15:33:42 devconf001 systemd[2259]: Started Mark boot as successful after the user session has run 2 minutes.\r\nJan 21 15:33:42 devconf001 systemd[2259]: Reached target Timers.\r\nJan 21 15:33:42 devconf001 systemd[2259]: Starting D-Bus User Message Bus Socket.\r\nJan 21 15:33:42 devconf001 systemd[2259]: Reached target Paths.\r\nJan 21 15:33:42 devconf001 systemd[2259]: Liste"]
[242.654346, "o", "ning on D-Bus User Message Bus Socket.\r\nJan 21 15:33:42 devconf001 systemd[2259]: Reached target Sockets.\r\nJan 21 15:33:42 devconf001 systemd[2259]: Reached target Basic System.\r\nJan 21 15:33:42 devconf001 systemd[2259]: Reached target Default.\r\nJan 21 15:33:42 devconf001 systemd[2259]: Startup finished in 212ms.\r\nJan 21 15:33:42 devconf001 systemd[1]: Started User Manager for UID 1000.\r\nJan 21 15:33:42 devconf001 dracut[2107]: dracut module 'dmraid' will not be installed, because command 'dmraid' could not be found!\r\nJan 21 15:33:42 devconf001 dracut[2107]: dracut module 'lvm' will not be installed, because command 'lvm' could not be found!\r\nJan 21 15:33:42 devconf001 dracut[2107]: dracut module 'mdraid' will not be installed, because command 'mdadm' could not be found!\r\nJan 21 15:33:42 devconf001 dracut[2107]: dracut module 'stratis' will not be installed, because command 'stratisd-init' could not be found!\r\nJan 21 15:33:42 devconf001 dracut[2107]: dracut module 'stratis' will not be installed, because comm"]
[242.65453, "o", "and 'thin_check' could not be found!\r\nJan 21 15:33:42 devconf001 dracut[2107]: dracut module 'stratis' will not be installed, because command 'thin_repair' could not be found!\r\nJan 21 15:33:42 devconf001 dracut[2107]: dracut module 'cifs' will not be installed, because command 'mount.cifs' could not be found!\r\nJan 21 15:33:42 devconf001 dracut[2107]: dracut module 'iscsi' will not be installed, because command 'iscsi-iname' could not be found!\r\nJan 21 15:33:42 devconf001 dracut[2107]: dracut module 'iscsi' will not be installed, because command 'iscsiadm' could not be found!\r\nJan 21 15:33:42 devconf001 dracut[2107]: dracut module 'iscsi' will not be installed, because command 'iscsid' could not be found!\r\nJan 21 15:33:42 devconf001 dracut[2107]: dracut module 'resume' will not be installed, because it's in the list to be omitted!\r\nJan 21 15:33:43 devconf001 dracut[2107]: dracut module 'biosdevname' will not be installed, because command 'biosdevname' could not be found!\r\nJan 21 15:33:43 devconf001 dbus-daemon"]
[242.654669, "o", "[612]: [system] Activating service name='com.redhat.SubscriptionManager' requested by ':1.25' (uid=0 pid=2100 comm=\"/usr/libexec/platform-python /usr/sbin/subscriptio\" label=\"system_u:system_r:cloud_init_t:s0\") (using servicehelper)"]
[242.654806, "o", "\r\nJan 21 15:33:43 devconf001 dracut[2107]: dracut module 'busybox' will not be installed, because command 'busybox' could not be found!\r\nJan 21 15:33:43 devconf001 dracut[2107]: dracut module 'lvmmerge' will not be installed, because command 'lvm' could not be found!\r\nJan 21 15:33:43 devconf001 dracut[2107]: dracut module 'btrfs' will not be installed, because command 'btrfs' could not be found!\r\nJan 21 15:33:43 devconf001 dracut[2107]: dracut module 'dmraid' will not be installed, because command 'dmraid' could not be found!\r\nJan 21 15:33:43 devconf001 dracut[2107]: dracut module 'lvm' will not be installed, because command 'lvm' could not be found!\r\nJan 21 15:33:44 devconf001 dracut[2107]: dracut module 'mdraid' will not be installed, because command 'mdadm' could not be found!\r\nJan 21 15:33:44 devconf001 dracut[2107]: dracut module 'stratis' will not be installed, because command 'stratisd-init' could not be found!\r\nJan 21 15:33:44 devconf001 dracut[2107]: dracut module 'stratis' will not be installed, bec"]
[242.654979, "o", "ause command 'thin_check' could not be found!\r\nJan 21 15:33:44 devconf001 dracut[2107]: dracut module 'stratis' will not be installed, because command 'thin_repair' could not be found!\r\nJan 21 15:33:44 devconf001 dracut[2107]: dracut module 'cifs' will not be installed, because command 'mount.cifs' could not be found!\r\nJan 21 15:33:44 devconf001 dracut[2107]: dracut module 'iscsi' will not be installed, because command 'iscsi-iname' could not be found!\r\nJan 21 15:33:44 devconf001 dracut[2107]: dracut module 'iscsi' will not be installed, because command 'iscsiadm' could not be found!\r\nJan 21 15:33:44 devconf001 dracut[2107]: dracut module 'iscsi' will not be installed, because command 'iscsid' could not be found!\r\nJan 21 15:33:44 devconf001 dbus-daemon[612]: [system] Successfully activated service 'com.redhat.SubscriptionManager'\r\nJan 21 15:33:45 devconf001 dracut[2107]: *** Including module: bash ***\r\nJan 21 15:33:45 devconf001 dracut[2107]: *** Including module: systemd ***\r\nJan 21 15:33:45 devconf001 dracu"]
